
R-Car Gen3 Sample Loader develop_Draak_V0.03 2017.05.20
For Eagle , Draak Board.
 INITIAL SETTING : Draak / R-Car D3 ES1.0
 CPU             : AArch64 CA53
 DRAM            : DDR3/3L DDR1866
 DEVICE          : QSPI Flash(S25FS128) at 40MHz DMA
 BOOT            : Normal Boot
 jump to 0x40000000

R-Car Gen3 MiniMonitor develop_Draak_V0.04 2017.05.20
 Work Memory     : SystemRAM
 Board Name      : Draak
 Product Code    : R-Car D3 ES1.0

>
>sup
Scif speed UP
Please change to 921.6Kbps baud rate setting of the terminal.
xls2
===== Qspi/HyperFlash writing of Gen3 Board Command =============
Load Program to Spiflash
Writes to any of SPI address.
Please select,FlashMemory.
   1 : QspiFlash       (U5 : S25FS128S)
   2 : QspiFlash Board (CN3: S25FL512S)
   3 : HyperFlash      (U110: S26KS512S)
  Select (1-3)>3
 READ ID OK.
Program Top Address & Qspi/HyperFlash Save Address
===== Please Input Program Top Address ============
  Please Input : H'
  Please Input : H'E6312000

===== Please Input Qspi/HyperFlash Save Address ===
  Please Input : H'0
Work RAM(H'50000000-H'53FFFFFF) Clear....
please send ! ('.' & CR stop load)
SPI Data Clear(H'FF) Check :H'00000000-0003FFFF Erasing..Erase Completed
SAVE SPI-FLASH....... complete!

======= Qspi/HyperFlash Save Information  =================
 SpiFlashMemory Stat Address : H'00000000
 SpiFlashMemory End Address  : H'00000E67
===========================================================

>
>xls2
===== Qspi/HyperFlash writing of Gen3 Board Command =============
Load Program to Spiflash
Writes to any of SPI address.
Please select,FlashMemory.
   1 : QspiFlash       (U5 : S25FS128S)
   2 : QspiFlash Board (CN3: S25FL512S)
   3 : HyperFlash      (U110: S26KS512S)
  Select (1-3)>3
 READ ID OK.
Program Top Address & Qspi/HyperFlash Save Address
===== Please Input Program Top Address ============
  Please Input : H'
  Please Input : H'E6304000

===== Please Input Qspi/HyperFlash Save Address ===
  Please Input : H'40000
Work RAM(H'50000000-H'53FFFFFF) Clear....
please send ! ('.' & CR stop load)
SPI Data Clear(H'FF) Check :H'00040000-0007FFFF Erasing..Erase Completed
SAVE SPI-FLASH....... complete!

======= Qspi/HyperFlash Save Information  =================
 SpiFlashMemory Stat Address : H'00040000
 SpiFlashMemory End Address  : H'0004C007
===========================================================

>
>xls2
===== Qspi/HyperFlash writing of Gen3 Board Command =============
Load Program to Spiflash
Writes to any of SPI address.
Please select,FlashMemory.
   1 : QspiFlash       (U5 : S25FS128S)
   2 : QspiFlash Board (CN3: S25FL512S)
   3 : HyperFlash      (U110: S26KS512S)
  Select (1-3)>3
 READ ID OK.
Program Top Address & Qspi/HyperFlash Save Address
===== Please Input Program Top Address ============
  Please Input : H'
  Please Input : H'E6312000

===== Please Input Qspi/HyperFlash Save Address ===
  Please Input : H'180000
Work RAM(H'50000000-H'53FFFFFF) Clear....
please send ! ('.' & CR stop load)
SPI Data Clear(H'FF) Check :H'00180000-001BFFFF Erasing..Erase Completed
SAVE SPI-FLASH....... complete!

======= Qspi/HyperFlash Save Information  =================
 SpiFlashMemory Stat Address : H'00180000
 SpiFlashMemory End Address  : H'00184E67
===========================================================

>
>xls2
===== Qspi/HyperFlash writing of Gen3 Board Command =============
Load Program to Spiflash
Writes to any of SPI address.
Please select,FlashMemory.
   1 : QspiFlash       (U5 : S25FS128S)
   2 : QspiFlash Board (CN3: S25FL512S)
   3 : HyperFlash      (U110: S26KS512S)
  Select (1-3)>3
 READ ID OK.
Program Top Address & Qspi/HyperFlash Save Address
===== Please Input Program Top Address ============
  Please Input : H'
  Please Input : H'44000000

===== Please Input Qspi/HyperFlash Save Address ===
  Please Input : H'1C0000
Work RAM(H'50000000-H'53FFFFFF) Clear....
please send ! ('.' & CR stop load)
SPI Data Clear(H'FF) Check :H'001C0000-001FFFFF Erasing..Erase Completed
SAVE SPI-FLASH....... complete!

======= Qspi/HyperFlash Save Information  =================
 SpiFlashMemory Stat Address : H'001C0000
 SpiFlashMemory End Address  : H'001C703F
===========================================================

>
>xls2
===== Qspi/HyperFlash writing of Gen3 Board Command =============
Load Program to Spiflash
Writes to any of SPI address.
Please select,FlashMemory.
   1 : QspiFlash       (U5 : S25FS128S)
   2 : QspiFlash Board (CN3: S25FL512S)
   3 : HyperFlash      (U110: S26KS512S)
  Select (1-3)>3
 READ ID OK.
Program Top Address & Qspi/HyperFlash Save Address
===== Please Input Program Top Address ============
  Please Input : H'
  Please Input : H'50000000

===== Please Input Qspi/HyperFlash Save Address ===
  Please Input : H'640000
Work RAM(H'50000000-H'53FFFFFF) Clear....
please send ! ('.' & CR stop load)
SPI Data Clear(H'FF) Check :H'00640000-006BFFFF Erasing...Erase Completed
SAVE SPI-FLASH....... complete!

======= Qspi/HyperFlash Save Information  =================
 SpiFlashMemory Stat Address : H'00640000
 SpiFlashMemory End Address  : H'006858DF
===========================================================

>
>NOTICE:  BL2: R-Car D3 Initial Program Loader(CA53) Rev.0.0.2
NOTICE:  BL2: PRR is R-Car D3 Ver1.0
NOTICE:  BL2: Boot device is HyperFlash(80MHz)
NOTICE:  BL2: LCM state is CM
NOTICE:  BL2: DDR1866
NOTICE:  BL2: QoS is default setting(rev.0.05)
NOTICE:  BL2: v1.3(release):7838729
NOTICE:  BL2: Built : 14:37:20, Jul 12 2017
NOTICE:  BL2: Normal boot
NOTICE:  BL2: dst=0xe6311190 src=0x8180000 len=512(0x200)
NOTICE:  BL2: dst=0x43f00000 src=0x8180400 len=6144(0x1800)
NOTICE:  BL2: dst=0x44000000 src=0x81c0000 len=65536(0x10000)
NOTICE:  BL2: dst=0x50000000 src=0x8640000 len=1048576(0x100000)


U-Boot 2015.04 (Jul 12 2017 - 14:38:15)

CPU: Renesas Electronics R8A77995 rev 1.0
Board: Draak
DRAM:  384 MiB
MMC:   sh-sdhi: 0
In:    serial
Out:   serial
Err:   serial
Net:   ravb
Hit any key to stop autoboot:  0
ravb Waiting for PHY auto negotiation to complete.... done
ravb: 1000Base/Full
Using ravb device
TFTP from server 192.168.5.241; our IP address is 192.168.5.102
Filename 'Gen3/D3/Image'.
Load address: 0x48080000
Loading: #################################################################
         #################################################################
         #################################################################
         #################################################################
         #################################################################
         #################################################################
         #################################################################
         #################################################################
         #################################################################
         #################################################################
         #################################################################
         #################################################################
         #################################################################
         #################################################################
         #################################################################
         #################################################################
         #################################################################
         #################################################################
         #################################################################
         #################################################################
         #################################################################
         #################################################################
         #################################################################
         #################################################################
         #################################################################
         #################################################################
         #################################################################
         #################################################################
         #################################################################
         #################################################################
         #################################################################
         #################################################################
         #################################################################
         #################################################################
         #################################################################
         #################################################################
         #################################################################
         #################################################################
         #################################################################
         #################################################################
         #################################################################
         #################################################################
         #################################################################
         #################################################################
         #################################################################
         #################################################################
         #################################################################
         #####################################################
         183.6 KiB/s
done
Bytes transferred = 15911424 (f2ca00 hex)
ravb:0 is connected to ravb.  Reconnecting to ravb
ravb Waiting for PHY auto negotiation to complete..... done
ravb: 1000Base/Full
Using ravb device
TFTP from server 192.168.5.241; our IP address is 192.168.5.102
Filename 'Gen3/D3/Image-r8a77995-draak.dtb'.
Load address: 0x48000000
Loading: ####
         307.6 KiB/s
done
Bytes transferred = 16429 (402d hex)
## Flattened Device Tree blob at 48000000
   Booting using the fdt blob at 0x48000000
   Using Device Tree in place at 0000000048000000, end 000000004800702c

Starting kernel ...

[    0.000000] Booting Linux on physical CPU 0x0
[    0.000000] Linux version 4.9.0-yocto-standard (hoa@dhzpc054) (gcc version 5.2.1 20151005 (Linaro GCC 5.2-2015.11-2) ) #1 SMP PREE
[    0.000000] Boot CPU: AArch64 Processor [410fd034]
[    0.000000] efi: Getting EFI parameters from FDT:
[    0.000000] efi: UEFI not found.
[    0.000000] cma: Reserved 16 MiB at 0x000000005f000000
[    0.000000] psci: probing for conduit method from DT.
[    0.000000] psci: PSCIv1.0 detected in firmware.
[    0.000000] psci: Using standard PSCI v0.2 function IDs
[    0.000000] psci: MIGRATE_INFO_TYPE not supported.
[    0.000000] Failed to find device node for boot cpu
[    0.000000] missing boot CPU MPIDR, not enabling secondaries
[    0.000000] percpu: Embedded 21 pages/cpu @ffff80001efc6000 s48152 r8192 d29672 u86016
[    0.000000] Detected VIPT I-cache on CPU0
[    0.000000] CPU features: enabling workaround for ARM erratum 845719
[    0.000000] Built 1 zonelists in Zone order, mobility grouping on.  Total pages: 96768
[    0.000000] Kernel command line: rw root=/dev/nfs nfsroot=192.168.5.241:/tftpboot/Gen3/D3/nfs ip=192.168.5.102 video=HDMI-A-1:1280
[    0.000000] PID hash table entries: 2048 (order: 2, 16384 bytes)
[    0.000000] Dentry cache hash table entries: 65536 (order: 7, 524288 bytes)
[    0.000000] Inode-cache hash table entries: 32768 (order: 6, 262144 bytes)
[    0.000000] Memory: 343568K/393216K available (9276K kernel code, 882K rwdata, 4308K rodata, 1024K init, 287K bss, 33264K reserved
[    0.000000] Virtual kernel memory layout:
[    0.000000]     modules : 0xffff000000000000 - 0xffff000008000000   (   128 MB)
[    0.000000]     vmalloc : 0xffff000008000000 - 0xffff7dffbfff0000   (129022 GB)
[    0.000000]       .text : 0xffff000008080000 - 0xffff000008990000   (  9280 KB)
[    0.000000]     .rodata : 0xffff000008990000 - 0xffff000008dd0000   (  4352 KB)
[    0.000000]       .init : 0xffff000008dd0000 - 0xffff000008ed0000   (  1024 KB)
[    0.000000]       .data : 0xffff000008ed0000 - 0xffff000008faca00   (   883 KB)
[    0.000000]        .bss : 0xffff000008faca00 - 0xffff000008ff49bc   (   288 KB)
[    0.000000]     fixed   : 0xffff7dfffe7fd000 - 0xffff7dfffec00000   (  4108 KB)
[    0.000000]     PCI I/O : 0xffff7dfffee00000 - 0xffff7dffffe00000   (    16 MB)
[    0.000000]     vmemmap : 0xffff7e0000000000 - 0xffff800000000000   (  2048 GB maximum)
[    0.000000]               0xffff7e0000200000 - 0xffff7e0000800000   (     6 MB actual)
[    0.000000]     memory  : 0xffff800008000000 - 0xffff800020000000   (   384 MB)
[    0.000000] SLUB: HWalign=64, Order=0-3, MinObjects=0, CPUs=1, Nodes=1
[    0.000000] Preemptible hierarchical RCU implementation.
[    0.000000]  Build-time adjustment of leaf fanout to 64.
[    0.000000]  RCU restricting CPUs from NR_CPUS=64 to nr_cpu_ids=1.
[    0.000000] RCU: Adjusting geometry for rcu_fanout_leaf=64, nr_cpu_ids=1
[    0.000000] NR_IRQS:64 nr_irqs:64 0
[    0.000000] arm_arch_timer: Architected cp15 timer(s) running at 24.00MHz (virt).
[    0.000000] clocksource: arch_sys_counter: mask: 0xffffffffffffff max_cycles: 0x588fe9dc0, max_idle_ns: 440795202592 ns
[    0.000007] sched_clock: 56 bits at 24MHz, resolution 41ns, wraps every 4398046511097ns
[    0.000348] Console: colour dummy device 80x25
[    0.001000] console [tty0] enabled
[    0.001043] Calibrating delay loop (skipped), value calculated using timer frequency.. 48.00 BogoMIPS (lpj=96000)
[    0.001077] pid_max: default: 32768 minimum: 301
[    0.001177] Security Framework initialized
[    0.001240] Mount-cache hash table entries: 1024 (order: 1, 8192 bytes)
[    0.001261] Mountpoint-cache hash table entries: 1024 (order: 1, 8192 bytes)
[    0.002456] ASID allocator initialised with 65536 entries
[    0.032700] EFI services will not be available.
[    0.048164] Brought up 1 CPUs
[    0.048207] SMP: Total of 1 processors activated.
[    0.048236] CPU features: detected feature: 32-bit EL0 Support
[    0.048294] CPU: All CPU(s) started at EL1
[    0.048334] alternatives: patching kernel code
[    0.049464] devtmpfs: initialized
[    0.056531] DMI not present or invalid.
[    0.057065] clocksource: jiffies: mask: 0xffffffff max_cycles: 0xffffffff, max_idle_ns: 7645041785100000 ns
[    0.057794] pinctrl core: initialized pinctrl subsystem
[    0.058310] Detected Renesas R-Car Gen3 r8a77995 ES1.0
[    0.059616] NET: Registered protocol family 16
[    0.072572] cpuidle: using governor menu
[    0.073538] vdso: 2 pages (1 code @ ffff000008997000, 1 data @ ffff000008ed4000)
[    0.073611] hw-breakpoint: found 6 breakpoint and 4 watchpoint registers.
[    0.074428] DMA: preallocated 256 KiB pool for atomic allocations
[    0.075511] Serial: AMBA PL011 UART driver
[    0.082443] sh-pfc e6060000.pfc: r8a77995_pfc support registered
[    0.166745] HugeTLB registered 2 MB page size, pre-allocated 0 pages
[    0.182948] ACPI: Interpreter disabled.
[    0.186572] vgaarb: loaded
[    0.187316] SCSI subsystem initialized
[    0.189783] usbcore: registered new interface driver usbfs
[    0.189986] usbcore: registered new interface driver hub
[    0.190187] usbcore: registered new device driver usb
[    0.192048] media: Linux media interface: v0.10
[    0.192232] Linux video capture interface: v2.00
[    0.192464] pps_core: LinuxPPS API ver. 1 registered
[    0.192494] pps_core: Software ver. 5.3.6 - Copyright 2005-2007 Rodolfo Giometti <giometti@linux.it>
[    0.193639] PTP clock support registered
[    0.195197] dmi: Firmware registration failed.
[    0.196466] Advanced Linux Sound Architecture Driver Initialized.
[    0.200422] clocksource: Switched to clocksource arch_sys_counter
[    0.200739] VFS: Disk quotas dquot_6.6.0
[    0.200830] VFS: Dquot-cache hash table entries: 512 (order 0, 4096 bytes)
[    0.201711] pnp: PnP ACPI: disabled
[    0.230658] NET: Registered protocol family 2
[    0.232264] TCP established hash table entries: 4096 (order: 3, 32768 bytes)
[    0.233523] TCP bind hash table entries: 4096 (order: 4, 65536 bytes)
[    0.233626] TCP: Hash tables configured (established 4096 bind 4096)
[    0.233738] UDP hash table entries: 256 (order: 1, 8192 bytes)
[    0.233771] UDP-Lite hash table entries: 256 (order: 1, 8192 bytes)
[    0.234075] NET: Registered protocol family 1
[    0.242816] RPC: Registered named UNIX socket transport module.
[    0.242867] RPC: Registered udp transport module.
[    0.242883] RPC: Registered tcp transport module.
[    0.242899] RPC: Registered tcp NFSv4.1 backchannel transport module.
[    0.244109] kvm [1]: HYP mode not available
[    0.246769] futex hash table entries: 256 (order: 3, 32768 bytes)
[    0.246933] audit: initializing netlink subsys (disabled)
[    0.247025] audit: type=2000 audit(0.240:1): initialized
[    0.253068] workingset: timestamp_bits=46 max_order=17 bucket_order=0
[    0.274424] squashfs: version 4.0 (2009/01/31) Phillip Lougher
[    0.277720] NFS: Registering the id_resolver key type
[    0.277799] Key type id_resolver registered
[    0.277815] Key type id_legacy registered
[    0.277842] nfs4filelayout_init: NFSv4 File Layout Driver Registering...
[    0.278368] 9p: Installing v9fs 9p2000 file system support
[    0.283198] Block layer SCSI generic (bsg) driver version 0.4 loaded (major 246)
[    0.283258] io scheduler noop registered
[    0.283442] io scheduler cfq registered (default)
[    0.287831] libphy: mdio_driver_register: phy-bcm-ns2-pci
[    0.295601] gpio_rcar e6050000.gpio: driving 9 GPIOs
[    0.298918] gpio_rcar e6051000.gpio: driving 32 GPIOs
[    0.301220] gpio_rcar e6052000.gpio: driving 32 GPIOs
[    0.302946] gpio_rcar e6053000.gpio: driving 10 GPIOs
[    0.305287] gpio_rcar e6054000.gpio: driving 32 GPIOs
[    0.307368] gpio_rcar e6055000.gpio: driving 21 GPIOs
[    0.309189] gpio_rcar e6055400.gpio: driving 14 GPIOs
[    0.338879] xenfs: not registering filesystem on non-xen platform
[    0.354780] Serial: 8250/16550 driver, 4 ports, IRQ sharing disabled
[    0.364170] SuperH (H)SCI(F) driver initialized
[    0.365450] e6e88000.serial: ttySC0 at MMIO 0xe6e88000 (irq = 66, base_baud = 0) is a scif
[    1.094089] console [ttySC0] enabled
[    1.099362] msm_serial: driver initialized
[    1.105497] [drm] Initialized
[    1.109854] [drm] Supports vblank timestamp caching Rev 2 (21.10.2013).
[    1.116830] [drm] No driver support for vblank timestamp query.
[    1.126359] Failed to find cpu0 device node
[    1.131468] Unable to detect cache hierarchy from DT for CPU 0
[    1.181180] loop: module loaded
[    1.186685] hisi_sas: driver version v1.6
[    1.202640] libphy: Fixed MDIO Bus: probed
[    1.209124] tun: Universal TUN/TAP device driver, 1.6
[    1.215336] tun: (C) 1999-2004 Max Krasnyansky <maxk@qualcomm.com>
[    1.224977] e1000e: Intel(R) PRO/1000 Network Driver - 3.2.6-k
[    1.231860] e1000e: Copyright(c) 1999 - 2015 Intel Corporation.
[    1.238304] igb: Intel(R) Gigabit Ethernet Network Driver - version 5.4.0-k
[    1.245787] igb: Copyright (c) 2007-2014 Intel Corporation.
[    1.251774] igbvf: Intel(R) Gigabit Virtual Function Network Driver - version 2.4.0-k
[    1.259934] igbvf: Copyright (c) 2009 - 2012 Intel Corporation.
[    1.266257] sky2: driver version 1.30
[    1.297351] libphy: ravb_mii: probed
[    1.303132] ravb e6800000.ethernet eth0: Base address at 0xe6800000, 2e:09:0a:00:c5:1a, IRQ 63.
[    1.314386] VFIO - User Level meta-driver version: 0.3
[    1.326855] ehci_hcd: USB 2.0 'Enhanced' Host Controller (EHCI) Driver
[    1.334918] ehci-pci: EHCI PCI platform driver
[    1.340023] ehci-platform: EHCI generic platform driver
[    1.346700] ehci-platform ee080100.usb: EHCI Host Controller
[    1.352820] ehci-platform ee080100.usb: new USB bus registered, assigned bus number 1
[    1.361146] ehci-platform ee080100.usb: irq 68, io mem 0xee080100
[    1.380299] ehci-platform ee080100.usb: USB 2.0 started, EHCI 1.10
[    1.387864] hub 1-0:1.0: USB hub found
[    1.392131] hub 1-0:1.0: 1 port detected
[    1.397064] ehci-exynos: EHCI EXYNOS driver
[    1.402271] ehci-msm: Qualcomm On-Chip EHCI Host Controller
[    1.408847] ohci_hcd: USB 1.1 'Open' Host Controller (OHCI) Driver
[    1.415442] ohci-pci: OHCI PCI platform driver
[    1.420446] ohci-platform: OHCI generic platform driver
[    1.426523] ohci-platform ee080000.usb: Generic Platform OHCI controller
[    1.433495] ohci-platform ee080000.usb: new USB bus registered, assigned bus number 2
[    1.441738] ohci-platform ee080000.usb: irq 68, io mem 0xee080000
[    1.535562] hub 2-0:1.0: USB hub found
[    1.539862] hub 2-0:1.0: 1 port detected
[    1.544795] ohci-exynos: OHCI EXYNOS driver
[    1.551326] usbcore: registered new interface driver usb-storage
[    1.562997] mousedev: PS/2 mouse device common for all mice
[    1.575208] i2c /dev entries driver
[    1.589261] i2c-rcar e6500000.i2c: probed
[    1.594927] adv7180 0-0020: chip found @ 0x20 (e6500000.i2c)
[    1.640933] random: fast init done
[    1.652312] adv7612 0-004c: adv7612 found @ 0x98 (e6500000.i2c)
[    1.676930] rcar-vin e6ef4000.video: Device registered as video0
[    1.696687] sdhci: Secure Digital Host Controller Interface driver
[    1.703607] sdhci: Copyright(c) Pierre Ossman
[    1.832541] sh_mobile_sdhi ee140000.sd: mmc0 base at 0xee140000 max clock rate 200 MHz
[    1.841042] Synopsys Designware Multimedia Card Interface Driver
[    1.849409] sdhci-pltfm: SDHCI platform and OF driver helper
[    1.858474] ledtrig-cpu: registered to indicate activity on CPUs
[    1.868178] usbcore: registered new interface driver usbhid
[    1.875218] usbhid: USB HID core driver
[    1.886946] NET: Registered protocol family 17
[    1.892217] 9pnet: Installing 9P2000 support
[    1.899458] Key type dns_resolver registered
[    1.905992] registered taskstats version 1
[    1.917310] [drm] Supports vblank timestamp caching Rev 2 (21.10.2013).
[    1.924161] [drm] No driver support for vblank timestamp query.
[    1.932419] usb 2-1: new low-speed USB device number 2 using ohci-platform
[    2.037792] [drm] parse error at position 4 in video mode 'dcma=64M'
[    2.188158] input: CHICONY HP Basic USB Keyboard as /devices/platform/soc/ee080000.usb/usb2/2-1/2-1:1.0/0003:03F0:0024.0001/input/
[    2.245608] hid-generic 0003:03F0:0024.0001: input: USB HID v1.10 Keyboard [CHICONY HP Basic USB Keyboard] on usb-ee080000.usb-1/i
[    2.255741] Console: switching to colour frame buffer device 100x37
[    2.295357] rcar-du feb00000.display: fb0:  frame buffer device
[    2.314170] [drm] Device feb00000.display probed
[    2.320441] hctosys: unable to open rtc device (rtc0)
[    2.346765] mmc0: new HS200 MMC card at address 0001
[    2.357160] mmcblk0: mmc0:0001 R1J56L 14.7 GiB
[    2.366592] mmcblk0boot0: mmc0:0001 R1J56L partition 1 8.00 MiB
[    2.377338] mmcblk0boot1: mmc0:0001 R1J56L partition 2 8.00 MiB
[    2.388072] mmcblk0rpmb: mmc0:0001 R1J56L partition 3 4.00 MiB
[    2.399942]  mmcblk0: p1 p2
[    2.412077] Micrel KSZ9031 Gigabit PHY e6800000.etherne:00: attached PHY driver [Micrel KSZ9031 Gigabit PHY] (mii_bus:phy_addr=e68
[    5.432769] random: crng init done
[   12.460291] Waiting up to 110 more seconds for network.
[   15.774755] ravb e6800000.ethernet eth0: Link is Up - 1Gbps/Full - flow control rx/tx
[   15.804335] IP-Config: Guessing netmask 255.255.255.0
[   15.813628] IP-Config: Complete:
[   15.820939]      device=eth0, hwaddr=2e:09:0a:00:c5:1a, ipaddr=192.168.5.102, mask=255.255.255.0, gw=255.255.255.255
[   15.839815]      host=192.168.5.102, domain=, nis-domain=(none)
[   15.850018]      bootserver=255.255.255.255, rootserver=192.168.5.241, rootpath=
[   15.862099] ALSA device list:
[   15.869461]   No soundcards found.
[   15.900193] VFS: Mounted root (nfs filesystem) on device 0:15.
[   15.915152] devtmpfs: mounted
[   15.923235] Freeing unused kernel memory: 1024K (ffff800008dd0000 - ffff800008ed0000)
[   16.641512] systemd[1]: System time before build time, advancing clock.
[   16.733598] NET: Registered protocol family 10
[   16.787712] systemd[1]: systemd 229 running in system mode. (+PAM -AUDIT -SELINUX +IMA -APPARMOR +SMACK +SYSVINIT +UTMP -LIBCRYPTS
[   16.820978] systemd[1]: Detected architecture arm64.

Welcome to Poky (Yocto Project Reference Distro) 2.1.2 (krogoth)!

[   16.855214] systemd[1]: Set hostname to <draak>.
[   19.040957] systemd[1]: Started Forward Password Requests to Wall Directory Watch.
[  OK  ] Started Forward Password Requests to Wall Directory Watch.
[   19.069059] systemd[1]: Listening on Journal Socket (/dev/log).
[  OK  ] Listening on Journal Socket (/dev/log).
[   19.098611] systemd[1]: Created slice User and Session Slice.
[  OK  ] Created slice User and Session Slice.
[   19.125070] systemd[1]: Listening on Journal Socket.
[  OK  ] Listening on Journal Socket.
[   19.149097] systemd[1]: Listening on /dev/initctl Compatibility Named Pipe.
[  OK  ] Listening on /dev/initctl Compatibility Named Pipe.
[   19.177083] systemd[1]: Listening on udev Control Socket.
[  OK  ] Listening on udev Control Socket.
[   19.200934] systemd[1]: Listening on udev Kernel Socket.
[  OK  ] Listening on udev Kernel Socket.
[  OK  ] Started Dispatch Password Requests to Console Directory Watch.
[  OK  ] Reached target Paths.
[  OK  ] Reached target Remote File Systems.
[  OK  ] Listening on Syslog Socket.
[  OK  ] Listening on Journal Audit Socket.
[  OK  ] Reached target Swap.
[  OK  ] Created slice System Slice.
         Starting Setup Virtual Console...
         Starting Journal Service...
[  OK  ] Created slice system-getty.slice.
[  OK  ] Reached target Slices.
         Starting Load Kernel Modules...
         Mounting Debug File System...
         Mounting Temporary Directory...
         Mounting Huge Pages File System...
         Mounting POSIX Message Queue File System...
[  OK  ] Created slice system-serial\x2dgetty.slice.
[   19.767635] pvrsrvkm: loading out-of-tree module taints kernel.
         Starting Remount Root and Kernel File Sy[   19.830356] PVR_K: 1254: RGXGetBVNCConfig: Read BVNC 22.67.54.30 from device regi
stems...
[   19.877485] pvrsrvkm fd000000.gsx: opp[1/1]: (600000000 Hz, 1030000 uV)
         Starting Create list of required st... nodes for the current ker[   19.930290] [drm] Initialized pvr 1.7.4563938 20110701 on
nel...
[  OK  ] Mounted Debug File System.
[  OK  ] Mounted Huge Pages File System.
[  OK  ] Mounted POSIX Message Queue File System.
[  OK  ] Mounted Temporary Directory.
[  OK  ] Started Journal Service.
[  OK  ] Started Setup Virtual Console.
[  OK  ] Started Load Kernel Modules.
[  OK  ] Started Create list of required sta...ce nodes for the current kernel.
[  OK  ] Started Remount Root and Kernel File Systems.
         Starting udev Coldplug all Devices...
         Starting Create Static Device Nodes in /dev...
         Starting Apply Kernel Variables...
         Mounting Configuration File System...
         Starting Flush Journal to Persistent Storage...
[  OK  ] Started Apply Kernel Variables.
[  OK  ] Mounted Configuration File System.
[  OK  ] Started Create Static Device Nodes in /dev.
[   20.909426] systemd-journald[1253]: Received request to flush runtime journal from PID 1
[  OK  ] Started Flush Journal to Persistent Storage.
[  OK  ] Reached target Local File Systems (Pre).
         Mounting /var/volatile...
         Starting udev Kernel Device Manager...
[  OK  ] Mounted /var/volatile.
         Starting Load/Save Random Seed...
[  OK  ] Reached target Local File Systems.
         Starting Create Volatile Files and Directories...
[  OK  ] Started Load/Save Random Seed.
[  OK  ] Started udev Kernel Device Manager.
[  OK  ] Started Create Volatile Files and Directories.
         Starting Update UTMP about System Boot/Shutdown...
[  OK  ] Started Update UTMP about System Boot/Shutdown.
[  OK  ] Started udev Coldplug all Devices.
[  OK  ] Reached target System Initialization.
[  OK  ] Listening on Avahi mDNS/DNS-SD Stack Activation Socket.
[  OK  ] Listening on D-Bus System Message Bus Socket.
[  OK  ] Started Daily Cleanup of Temporary Directories.
[  OK  ] Reached target Timers.
[  OK  ] Listening on dropbear.socket.
[  OK  ] Listening on RPCbind Server Activation Socket.
[  OK  ] Reached target Sockets.
[  OK  ] Reached target Basic System.
[  OK  ] Started Kernel Logging Service.
         Starting PowerVR consumer services...
         Starting Login Service...
[  OK  ] Started System Logging Service.
[  OK  ] Started D-Bus System Message Bus.
         Starting Avahi mDNS/DNS-SD Stack...
         Starting Permit User Sessions...
[  OK  ] Started PowerVR consumer services.
[  OK  ] Started Permit User Sessions.
[  OK  ] Found device /dev/ttySC0.
[  OK  ] Started Avahi mDNS/DNS-SD Stack.
[  OK  ] Started Login Service.
[  OK  ] Started Getty on tty1.
[  OK  ] Started Serial Getty on ttySC0.
[  OK  ] Reached target Login Prompts.
[  OK  ] Reached target Multi-User System.
         Starting Update UTMP about System Runlevel Changes...
[  OK  ] Started Weston Wayland compositor.
[  OK  ] Started Update UTMP about System Runlevel Changes.

Poky (Yocto Project Reference Distro) 2.1.2 draak ttySC0

draak login: [   29.933289] rcar-du feb00000.display: failed to allocate buffer with size 5242880
[   29.949755] rcar-du feb00000.display: failed to allocate buffer with size 5242880
[   29.968747] weston[2184]: unhandled level 2 translation fault (11) at 0x00000008, esr 0x92000006
[   29.987010] pgd = ffff80001cd41000
[   29.994303] [00000008] *pgd=000000005b93a003[   30.003628] , *pud=000000005caee003
, *pmd=0000000000000000[   30.014606]
[   30.016107]
[   30.023206] CPU: 0 PID: 2184 Comm: weston Tainted: G           O    4.9.0-yocto-standard #1
[   30.043532] Hardware name: Renesas Draak board based on r8a77995 (DT)
[   30.057299] task: ffff80001cdfa580 task.stack: ffff80001ba5c000
[   30.070805] PC is at 0xffffa0f864fc
[   30.078932] LR is at 0xffffa0f8413c
[   30.088437] pc : [<0000ffffa0f864fc>] lr : [<0000ffffa0f8413c>] pstate: 00000000
[   30.104475] sp : 0000fffff3b055f0
[   30.114491] x29: 0000fffff3b055f0 x28: 000000000d78c240
[   30.125316] x27: 000000000d78bfd0 x26: 0000000000000000
[   30.137660] x25: 000000000d78d350 x24: 0000000000000001
[   30.149972] x23: 0000fffff3b05660 x22: 000000000d78d5e8
[   30.162305] x21: 000000000d78d5d0 x20: 0000fffff3b05660
[   30.174827] x19: 0000fffff3b05700 x18: 00000000ffffffff
[   30.186662] x17: 0000ffffa194dea0 x16: 0000ffffa0fbc6e0
[   30.198658] x15: 000000000000331a x14: 0000ffffa0f84030
[   30.210650] x13: 0000ffffa0f847e8 x12: 0000ffffa0f84070
[   30.225847] x11: 0000ffffa0f840c8 x10: 0000000000000400
[   30.235201] x9 : 000000000d78d6c0 x8 : 0000000000000000
[   30.247682] x7 : 0000000000000000 x6 : 0000000000000000
[   30.260195] x5 : 0000ffffa1a1b9e0 x4 : 0000000000003084
[   30.272743] x3 : 0000000000000059 x2 : 0000fffff3b05700
[   30.286328] x1 : 0000000000000000 x0 : 0000000000000000
[   30.294142]
[   30.299681] audit: type=1701 audit(1499833476.652:2): auid=4294967295 uid=0 gid=0 ses=4294967295 pid=2184 comm="weston" exe="/usr/

Poky (Yocto Project Reference Distro) 2.1.2 draak ttySC0

draak login:
Poky (Yocto Project Reference Distro) 2.1.2 draak ttySC0

draak login: root
Last login: Wed Jul 12 04:24:32 UTC 2017 on tty2
root@draak:~#
root@draak:~# systemctl restart weston
root@draak:~# [   51.890965] rcar-du feb00000.display: failed to allocate buffer with size 5242880
[   51.907351] rcar-du feb00000.display: failed to allocate buffer with size 5242880
[   51.925774] weston[2320]: unhandled level 2 translation fault (11) at 0x00000008, esr 0x92000006
[   51.945356] pgd = ffff800019d29000
[   51.954405] [00000008] *pgd=0000000059d1c003[   51.963712] , *pud=0000000059d21003
, *pmd=0000000000000000[   51.976544]
[   51.978070]
[   51.979575] CPU: 0 PID: 2320 Comm: weston Tainted: G           O    4.9.0-yocto-standard #1
[   52.002140] Hardware name: Renesas Draak board based on r8a77995 (DT)
[   52.015540] task: ffff80001cbf3200 task.stack: ffff80001cdbc000
[   52.030417] PC is at 0xffffa0c914fc
[   52.037952] LR is at 0xffffa0c8f13c
[   52.046959] pc : [<0000ffffa0c914fc>] lr : [<0000ffffa0c8f13c>] pstate: 00000000
[   52.063261] sp : 0000ffffc0ce03a0
[   52.070558] x29: 0000ffffc0ce03a0 x28: 0000000024920290
[   52.081344] x27: 0000000024920020 x26: 0000000000000000
[   52.094329] x25: 00000000249213a0 x24: 0000000000000001
[   52.105792] x23: 0000ffffc0ce0410 x22: 0000000024921638
[   52.118097] x21: 0000000024921620 x20: 0000ffffc0ce0410
[   52.130618] x19: 0000ffffc0ce04b0 x18: 00000000ffffffff
[   52.142714] x17: 0000ffffa1658ea0 x16: 0000ffffa0cc76e0
[   52.154649] x15: 000000000000331a x14: 0000ffffa0c8f030
[   52.166666] x13: 0000ffffa0c8f7e8 x12: 0000ffffa0c8f070
[   52.178721] x11: 0000ffffa0c8f0c8 x10: 0000000000000400
[   52.190624] x9 : 0000000024921710 x8 : 0000000000000000
[   52.202695] x7 : 0000000000000000 x6 : 0000000000000000
[   52.215583] x5 : 0000ffffa17269e0 x4 : 0000000000003084
[   52.228036] x3 : 0000000000000059 x2 : 0000ffffc0ce04b0
[   52.240751] x1 : 0000000000000000 x0 : 0000000000000000
[   52.254891]
[   52.258745] audit: type=1701 audit(1499833498.612:3): auid=4294967295 uid=0 gid=0 ses=4294967295 pid=2320 comm="weston" exe="/usr/

root@draak:~#
root@draak:~#
root@draak:~# NOTICE:  BL2: R-Car D3 Initial Program Loader(CA53) Rev.0.0.2
NOTICE:  BL2: PRR is R-Car D3 Ver1.0
NOTICE:  BL2: Boot device is HyperFlash(80MHz)
NOTICE:  BL2: LCM state is CM
NOTICE:  BL2: DDR1866
NOTICE:  BL2: QoS is default setting(rev.0.05)
NOTICE:  BL2: v1.3(release):7838729
NOTICE:  BL2: Built : 14:37:20, Jul 12 2017
NOTICE:  BL2: Normal boot
NOTICE:  BL2: dst=0xe6311190 src=0x8180000 len=512(0x200)
NOTICE:  BL2: dst=0x43f00000 src=0x8180400 len=6144(0x1800)
NOTICE:  BL2: dst=0x44000000 src=0x81c0000 len=65536(0x10000)
NOTICE:  BL2: dst=0x50000000 src=0x8640000 len=1048576(0x100000)


U-Boot 2015.04 (Jul 12 2017 - 14:38:15)

CPU: Renesas Electronics R8A77995 rev 1.0
Board: Draak
DRAM:  384 MiB
MMC:   sh-sdhi: 0
In:    serial
Out:   serial
Err:   serial
Net:   ravb
Hit any key to stop autoboot:  0
=> pr
baudrate=115200
bootarg=edit bootargs
bootargs=rw root=/dev/nfs nfsroot=192.168.5.241:/tftpboot/Gen3/D3/nfs ip=192.168.5.102 video=HDMI-A-1:1280x1024-32@60 video=VGA-1:dcm
bootcmd=tftp 0x48080000 Gen3/D3/Image;tftp 0x48000000 Gen3/D3/Image-r8a77995-draak.dtb;booti 0x48080000 - 0x48000000
bootdelay=3
ethact=ravb
ethaddr=2e:09:0a:00:c5:1a
fdt_high=0xffffffffffffffff
fileaddr=48080000
filesize=402d
initrd_high=0xffffffffffffffff
ipaddr=192.168.5.102
serverip=192.168.5.241
stderr=serial
stdin=serial
stdout=serial
ver=U-Boot 2015.04 (Jul 12 2017 - 14:38:15)

Environment size: 599/131068 bytes
=> edit bootargs
edit: rw root=/dev/nfs nfsroot=192.168.5.241:/tftpboot/Gen3/D3/nfs ip=192.168.5.102 video=HDMI-A-1:1280x1024-32@60 video=VGA-1:d cma=
=> saveenv
Saving Environment to MMC...
Writing to MMC(0)... done
=> run bootcmd
ravb Waiting for PHY auto negotiation to complete... done
ravb: 1000Base/Full
Using ravb device
TFTP from server 192.168.5.241; our IP address is 192.168.5.102
Filename 'Gen3/D3/Image'.
Load address: 0x48080000
Loading: #################################################################
         #################################################################
         #################################################################
         #################################################################
         #################################################################
         #################################################################
         #################################################################
         #################################################################
         #################################################################
         #################################################################
         #################################################################
         #################################################################
         #################################################################
         #################################################################
         #################################################################
         #################################################################
         #################################################################
         #################################################################
         #################################################################
         #################################################################
         #################################################################
         #################################################################
         #################################################################
         #################################################################
         #################################################################
         #################################################################
         #################################################################
         #################################################################
         #################################################################
         #################################################################
         #################################################################
         #################################################################
         #################################################################
         #################################################################
         #################################################################
         #################################################################
         #################################################################
         #################################################################
         #################################################################
         #################################################################
         #################################################################
         #################################################################
         #################################################################
         #################################################################
         #################################################################
         #################################################################
         #################################################################
         #####################################################
         224.6 KiB/s
done
Bytes transferred = 15911424 (f2ca00 hex)
ravb:0 is connected to ravb.  Reconnecting to ravb
ravb Waiting for PHY auto negotiation to complete... done
ravb: 1000Base/Full
Using ravb device
TFTP from server 192.168.5.241; our IP address is 192.168.5.102
Filename 'Gen3/D3/Image-r8a77995-draak.dtb'.
Load address: 0x48000000
Loading: ####
         1.1 MiB/s
done
Bytes transferred = 16429 (402d hex)
## Flattened Device Tree blob at 48000000
   Booting using the fdt blob at 0x48000000
   Using Device Tree in place at 0000000048000000, end 000000004800702c

Starting kernel ...

[    0.000000] Booting Linux on physical CPU 0x0
[    0.000000] Linux version 4.9.0-yocto-standard (hoa@dhzpc054) (gcc version 5.2.1 20151005 (Linaro GCC 5.2-2015.11-2) ) #1 SMP PREE
[    0.000000] Boot CPU: AArch64 Processor [410fd034]
[    0.000000] efi: Getting EFI parameters from FDT:
[    0.000000] efi: UEFI not found.
[    0.000000] cma: Reserved 64 MiB at 0x000000005c000000
[    0.000000] psci: probing for conduit method from DT.
[    0.000000] psci: PSCIv1.0 detected in firmware.
[    0.000000] psci: Using standard PSCI v0.2 function IDs
[    0.000000] psci: MIGRATE_INFO_TYPE not supported.
[    0.000000] Failed to find device node for boot cpu
[    0.000000] missing boot CPU MPIDR, not enabling secondaries
[    0.000000] percpu: Embedded 21 pages/cpu @ffff80001bfc6000 s48152 r8192 d29672 u86016
[    0.000000] Detected VIPT I-cache on CPU0
[    0.000000] CPU features: enabling workaround for ARM erratum 845719
[    0.000000] Built 1 zonelists in Zone order, mobility grouping on.  Total pages: 96768
[    0.000000] Kernel command line: rw root=/dev/nfs nfsroot=192.168.5.241:/tftpboot/Gen3/D3/nfs ip=192.168.5.102 video=HDMI-A-1:1280
[    0.000000] PID hash table entries: 2048 (order: 2, 16384 bytes)
[    0.000000] Dentry cache hash table entries: 65536 (order: 7, 524288 bytes)
[    0.000000] Inode-cache hash table entries: 32768 (order: 6, 262144 bytes)
[    0.000000] Memory: 294416K/393216K available (9276K kernel code, 882K rwdata, 4308K rodata, 1024K init, 287K bss, 33264K reserved
[    0.000000] Virtual kernel memory layout:
[    0.000000]     modules : 0xffff000000000000 - 0xffff000008000000   (   128 MB)
[    0.000000]     vmalloc : 0xffff000008000000 - 0xffff7dffbfff0000   (129022 GB)
[    0.000000]       .text : 0xffff000008080000 - 0xffff000008990000   (  9280 KB)
[    0.000000]     .rodata : 0xffff000008990000 - 0xffff000008dd0000   (  4352 KB)
[    0.000000]       .init : 0xffff000008dd0000 - 0xffff000008ed0000   (  1024 KB)
[    0.000000]       .data : 0xffff000008ed0000 - 0xffff000008faca00   (   883 KB)
[    0.000000]        .bss : 0xffff000008faca00 - 0xffff000008ff49bc   (   288 KB)
[    0.000000]     fixed   : 0xffff7dfffe7fd000 - 0xffff7dfffec00000   (  4108 KB)
[    0.000000]     PCI I/O : 0xffff7dfffee00000 - 0xffff7dffffe00000   (    16 MB)
[    0.000000]     vmemmap : 0xffff7e0000000000 - 0xffff800000000000   (  2048 GB maximum)
[    0.000000]               0xffff7e0000200000 - 0xffff7e0000800000   (     6 MB actual)
[    0.000000]     memory  : 0xffff800008000000 - 0xffff800020000000   (   384 MB)
[    0.000000] SLUB: HWalign=64, Order=0-3, MinObjects=0, CPUs=1, Nodes=1
[    0.000000] Preemptible hierarchical RCU implementation.
[    0.000000]  Build-time adjustment of leaf fanout to 64.
[    0.000000]  RCU restricting CPUs from NR_CPUS=64 to nr_cpu_ids=1.
[    0.000000] RCU: Adjusting geometry for rcu_fanout_leaf=64, nr_cpu_ids=1
[    0.000000] NR_IRQS:64 nr_irqs:64 0
[    0.000000] arm_arch_timer: Architected cp15 timer(s) running at 24.00MHz (virt).
[    0.000000] clocksource: arch_sys_counter: mask: 0xffffffffffffff max_cycles: 0x588fe9dc0, max_idle_ns: 440795202592 ns
[    0.000006] sched_clock: 56 bits at 24MHz, resolution 41ns, wraps every 4398046511097ns
[    0.000350] Console: colour dummy device 80x25
[    0.001005] console [tty0] enabled
[    0.001049] Calibrating delay loop (skipped), value calculated using timer frequency.. 48.00 BogoMIPS (lpj=96000)
[    0.001082] pid_max: default: 32768 minimum: 301
[    0.001180] Security Framework initialized
[    0.001246] Mount-cache hash table entries: 1024 (order: 1, 8192 bytes)
[    0.001266] Mountpoint-cache hash table entries: 1024 (order: 1, 8192 bytes)
[    0.002458] ASID allocator initialised with 65536 entries
[    0.032704] EFI services will not be available.
[    0.048166] Brought up 1 CPUs
[    0.048208] SMP: Total of 1 processors activated.
[    0.048236] CPU features: detected feature: 32-bit EL0 Support
[    0.048296] CPU: All CPU(s) started at EL1
[    0.048335] alternatives: patching kernel code
[    0.049450] devtmpfs: initialized
[    0.056548] DMI not present or invalid.
[    0.057092] clocksource: jiffies: mask: 0xffffffff max_cycles: 0xffffffff, max_idle_ns: 7645041785100000 ns
[    0.059290] pinctrl core: initialized pinctrl subsystem
[    0.059797] Detected Renesas R-Car Gen3 r8a77995 ES1.0
[    0.061412] NET: Registered protocol family 16
[    0.072593] cpuidle: using governor menu
[    0.073579] vdso: 2 pages (1 code @ ffff000008997000, 1 data @ ffff000008ed4000)
[    0.073652] hw-breakpoint: found 6 breakpoint and 4 watchpoint registers.
[    0.074458] DMA: preallocated 256 KiB pool for atomic allocations
[    0.075519] Serial: AMBA PL011 UART driver
[    0.082632] sh-pfc e6060000.pfc: r8a77995_pfc support registered
[    0.170834] HugeTLB registered 2 MB page size, pre-allocated 0 pages
[    0.187042] ACPI: Interpreter disabled.
[    0.190835] vgaarb: loaded
[    0.191659] SCSI subsystem initialized
[    0.194173] usbcore: registered new interface driver usbfs
[    0.194357] usbcore: registered new interface driver hub
[    0.194797] usbcore: registered new device driver usb
[    0.195968] media: Linux media interface: v0.10
[    0.196134] Linux video capture interface: v2.00
[    0.196379] pps_core: LinuxPPS API ver. 1 registered
[    0.196409] pps_core: Software ver. 5.3.6 - Copyright 2005-2007 Rodolfo Giometti <giometti@linux.it>
[    0.196979] PTP clock support registered
[    0.199419] dmi: Firmware registration failed.
[    0.200566] Advanced Linux Sound Architecture Driver Initialized.
[    0.204518] clocksource: Switched to clocksource arch_sys_counter
[    0.204817] VFS: Disk quotas dquot_6.6.0
[    0.204910] VFS: Dquot-cache hash table entries: 512 (order 0, 4096 bytes)
[    0.205523] pnp: PnP ACPI: disabled
[    0.235609] NET: Registered protocol family 2
[    0.238238] TCP established hash table entries: 4096 (order: 3, 32768 bytes)
[    0.238329] TCP bind hash table entries: 4096 (order: 4, 65536 bytes)
[    0.238432] TCP: Hash tables configured (established 4096 bind 4096)
[    0.238540] UDP hash table entries: 256 (order: 1, 8192 bytes)
[    0.238570] UDP-Lite hash table entries: 256 (order: 1, 8192 bytes)
[    0.238813] NET: Registered protocol family 1
[    0.247539] RPC: Registered named UNIX socket transport module.
[    0.247592] RPC: Registered udp transport module.
[    0.247608] RPC: Registered tcp transport module.
[    0.247623] RPC: Registered tcp NFSv4.1 backchannel transport module.
[    0.249001] kvm [1]: HYP mode not available
[    0.251480] futex hash table entries: 256 (order: 3, 32768 bytes)
[    0.251643] audit: initializing netlink subsys (disabled)
[    0.251732] audit: type=2000 audit(0.244:1): initialized
[    0.257805] workingset: timestamp_bits=46 max_order=17 bucket_order=0
[    0.279635] squashfs: version 4.0 (2009/01/31) Phillip Lougher
[    0.282983] NFS: Registering the id_resolver key type
[    0.283062] Key type id_resolver registered
[    0.283078] Key type id_legacy registered
[    0.283103] nfs4filelayout_init: NFSv4 File Layout Driver Registering...
[    0.283632] 9p: Installing v9fs 9p2000 file system support
[    0.288035] Block layer SCSI generic (bsg) driver version 0.4 loaded (major 246)
[    0.288091] io scheduler noop registered
[    0.288270] io scheduler cfq registered (default)
[    0.292415] libphy: mdio_driver_register: phy-bcm-ns2-pci
[    0.300117] gpio_rcar e6050000.gpio: driving 9 GPIOs
[    0.303427] gpio_rcar e6051000.gpio: driving 32 GPIOs
[    0.305952] gpio_rcar e6052000.gpio: driving 32 GPIOs
[    0.307561] gpio_rcar e6053000.gpio: driving 10 GPIOs
[    0.310202] gpio_rcar e6054000.gpio: driving 32 GPIOs
[    0.312128] gpio_rcar e6055000.gpio: driving 21 GPIOs
[    0.314075] gpio_rcar e6055400.gpio: driving 14 GPIOs
[    0.343116] xenfs: not registering filesystem on non-xen platform
[    0.357732] Serial: 8250/16550 driver, 4 ports, IRQ sharing disabled
[    0.365781] SuperH (H)SCI(F) driver initialized
[    0.366360] e6e88000.serial: ttySC0 at MMIO 0xe6e88000 (irq = 66, base_baud = 0) is a scif
[    1.095634] console [ttySC0] enabled
[    1.101124] msm_serial: driver initialized
[    1.107043] [drm] Initialized
[    1.111393] [drm] Supports vblank timestamp caching Rev 2 (21.10.2013).
[    1.118251] [drm] No driver support for vblank timestamp query.
[    1.127588] Failed to find cpu0 device node
[    1.132869] Unable to detect cache hierarchy from DT for CPU 0
[    1.182741] loop: module loaded
[    1.188295] hisi_sas: driver version v1.6
[    1.205304] libphy: Fixed MDIO Bus: probed
[    1.211329] tun: Universal TUN/TAP device driver, 1.6
[    1.217405] tun: (C) 1999-2004 Max Krasnyansky <maxk@qualcomm.com>
[    1.227457] e1000e: Intel(R) PRO/1000 Network Driver - 3.2.6-k
[    1.234127] e1000e: Copyright(c) 1999 - 2015 Intel Corporation.
[    1.240820] igb: Intel(R) Gigabit Ethernet Network Driver - version 5.4.0-k
[    1.248091] igb: Copyright (c) 2007-2014 Intel Corporation.
[    1.254048] igbvf: Intel(R) Gigabit Virtual Function Network Driver - version 2.4.0-k
[    1.262190] igbvf: Copyright (c) 2009 - 2012 Intel Corporation.
[    1.268583] sky2: driver version 1.30
[    1.301521] libphy: ravb_mii: probed
[    1.307268] ravb e6800000.ethernet eth0: Base address at 0xe6800000, 2e:09:0a:00:c5:1a, IRQ 63.
[    1.318503] VFIO - User Level meta-driver version: 0.3
[    1.330975] ehci_hcd: USB 2.0 'Enhanced' Host Controller (EHCI) Driver
[    1.339051] ehci-pci: EHCI PCI platform driver
[    1.344151] ehci-platform: EHCI generic platform driver
[    1.350801] ehci-platform ee080100.usb: EHCI Host Controller
[    1.356928] ehci-platform ee080100.usb: new USB bus registered, assigned bus number 1
[    1.365249] ehci-platform ee080100.usb: irq 68, io mem 0xee080100
[    1.384514] ehci-platform ee080100.usb: USB 2.0 started, EHCI 1.10
[    1.392078] hub 1-0:1.0: USB hub found
[    1.396348] hub 1-0:1.0: 1 port detected
[    1.401267] ehci-exynos: EHCI EXYNOS driver
[    1.406461] ehci-msm: Qualcomm On-Chip EHCI Host Controller
[    1.413049] ohci_hcd: USB 1.1 'Open' Host Controller (OHCI) Driver
[    1.419644] ohci-pci: OHCI PCI platform driver
[    1.424647] ohci-platform: OHCI generic platform driver
[    1.430739] ohci-platform ee080000.usb: Generic Platform OHCI controller
[    1.437708] ohci-platform ee080000.usb: new USB bus registered, assigned bus number 2
[    1.445944] ohci-platform ee080000.usb: irq 68, io mem 0xee080000
[    1.539777] hub 2-0:1.0: USB hub found
[    1.544061] hub 2-0:1.0: 1 port detected
[    1.548993] ohci-exynos: OHCI EXYNOS driver
[    1.555496] usbcore: registered new interface driver usb-storage
[    1.567038] mousedev: PS/2 mouse device common for all mice
[    1.579171] i2c /dev entries driver
[    1.593511] i2c-rcar e6500000.i2c: probed
[    1.599353] adv7180 0-0020: chip found @ 0x20 (e6500000.i2c)
[    1.645147] random: fast init done
[    1.656561] adv7612 0-004c: adv7612 found @ 0x98 (e6500000.i2c)
[    1.681156] rcar-vin e6ef4000.video: Device registered as video0
[    1.700056] sdhci: Secure Digital Host Controller Interface driver
[    1.707101] sdhci: Copyright(c) Pierre Ossman
[    1.836748] sh_mobile_sdhi ee140000.sd: mmc0 base at 0xee140000 max clock rate 200 MHz
[    1.845256] Synopsys Designware Multimedia Card Interface Driver
[    1.853576] sdhci-pltfm: SDHCI platform and OF driver helper
[    1.862553] ledtrig-cpu: registered to indicate activity on CPUs
[    1.872283] usbcore: registered new interface driver usbhid
[    1.879325] usbhid: USB HID core driver
[    1.891080] NET: Registered protocol family 17
[    1.896293] 9pnet: Installing 9P2000 support
[    1.903543] Key type dns_resolver registered
[    1.910087] registered taskstats version 1
[    1.921424] [drm] Supports vblank timestamp caching Rev 2 (21.10.2013).
[    1.928276] [drm] No driver support for vblank timestamp query.
[    1.936636] usb 2-1: new low-speed USB device number 2 using ohci-platform
[    2.042012] [drm] forcing VGA-1 connector OFF
[    2.114021] Console: switching to colour frame buffer device 160x64
[    2.140277] rcar-du feb00000.display: fb0:  frame buffer device
[    2.158343] [drm] Device feb00000.display probed
[    2.164789] hctosys: unable to open rtc device (rtc0)
[    2.199297] input: CHICONY HP Basic USB Keyboard as /devices/platform/soc/ee080000.usb/usb2/2-1/2-1:1.0/0003:03F0:0024.0001/input/
[    2.230255] mmc0: new HS200 MMC card at address 0001
[    2.240701] mmcblk0: mmc0:0001 R1J56L 14.7 GiB
[    2.249162] Micrel KSZ9031 Gigabit PHY e6800000.etherne:00: attached PHY driver [Micrel KSZ9031 Gigabit PHY] (mii_bus:phy_addr=e68
[    2.273864] hid-generic 0003:03F0:0024.0001: input: USB HID v1.10 Keyboard [CHICONY HP Basic USB Keyboard] on usb-ee080000.usb-1/i
[    2.286990] mmcblk0boot0: mmc0:0001 R1J56L partition 1 8.00 MiB
[    2.294780] mmcblk0boot1: mmc0:0001 R1J56L partition 2 8.00 MiB
[    2.312638] mmcblk0rpmb: mmc0:0001 R1J56L partition 3 4.00 MiB
[    2.322861]  mmcblk0: p1 p2
[    5.456009] random: crng init done
[   12.248503] Waiting up to 110 more seconds for network.
[   15.201063] ravb e6800000.ethernet eth0: Link is Up - 1Gbps/Full - flow control rx/tx
[   15.232527] IP-Config: Guessing netmask 255.255.255.0
[   15.237744] IP-Config: Complete:
[   15.241071]      device=eth0, hwaddr=2e:09:0a:00:c5:1a, ipaddr=192.168.5.102, mask=255.255.255.0, gw=255.255.255.255
[   15.251862]      host=192.168.5.102, domain=, nis-domain=(none)
[   15.257942]      bootserver=255.255.255.255, rootserver=192.168.5.241, rootpath=
[   15.265922] ALSA device list:
[   15.269112]   No soundcards found.
[   15.335488] VFS: Mounted root (nfs filesystem) on device 0:15.
[   15.343921] devtmpfs: mounted
[   15.347739] Freeing unused kernel memory: 1024K (ffff800008dd0000 - ffff800008ed0000)
[   15.631185] systemd[1]: System time before build time, advancing clock.
[   15.710078] NET: Registered protocol family 10
[   15.771343] systemd[1]: systemd 229 running in system mode. (+PAM -AUDIT -SELINUX +IMA -APPARMOR +SMACK +SYSVINIT +UTMP -LIBCRYPTS
[   15.790952] systemd[1]: Detected architecture arm64.

Welcome to Poky (Yocto Project Reference Distro) 2.1.2 (krogoth)!

[   15.820192] systemd[1]: Set hostname to <draak>.
[   17.395520] systemd[1]: Listening on Journal Audit Socket.
[  OK  ] Listening on Journal Audit Socket.
[   17.417281] systemd[1]: Started Forward Password Requests to Wall Directory Watch.
[  OK  ] Started Forward Password Requests to Wall Directory Watch.
[   17.442750] systemd[1]: Created slice User and Session Slice.
[  OK  ] Created slice User and Session Slice.
[   17.465114] systemd[1]: Listening on udev Kernel Socket.
[  OK  ] Listening on udev Kernel Socket.
[   17.485190] systemd[1]: Listening on Syslog Socket.
[  OK  ] Listening on Syslog Socket.
[   17.505256] systemd[1]: Listening on /dev/initctl Compatibility Named Pipe.
[  OK  ] Listening on /dev/initctl Compatibility Named Pipe.
[   17.529813] systemd[1]: Created slice System Slice.
[  OK  ] Created slice System Slice.
[  OK  ] Listening on udev Control Socket.
[  OK  ] Listening on Journal Socket (/dev/log).
[  OK  ] Created slice system-getty.slice.
[  OK  ] Reached target Slices.
[  OK  ] Reached target Remote File Systems.
[  OK  ] Listening on Journal Socket.
         Mounting Huge Pages File System...
         Mounting POSIX Message Queue File System...
         Starting Setup Virtual Console...
         Mounting Debug File System...
         Starting Create list of required st... nodes for the current kernel...
         Starting Load Kernel Modules...
         Mounting Temporary Directory...
[  OK  ] Reached target Swap.
         Starting Journal Service...
[  OK  ] Created slice system-serial\x2dgetty.slice.
         Starting Remount Root and Kernel File Systems...
[  OK  ] Started Dispatch Password Requests to Console Directory Watch.
[  OK  ] Reached target Paths.
[  OK  ] Mounted Debug File System.
[  OK  ] Mounted Huge Pages File System.
[  OK  ] Mounted POSIX Message Queue File System.
[  OK  ] Mounted Temporary Directory.
[   18.313727] pvrsrvkm: loading out-of-tree module taints kernel.
[  OK  ] Started Setup Virtual Console.
[  OK  ] Started Create list of required sta...ce nodes for the current kernel.
[   18.405731] PVR_K: 1261: RGXGetBVNCConfig: Read BVNC 22.67.54.30 from device registers
[   18.476921] pvrsrvkm fd000000.gsx: opp[1/1]: (600000000 Hz, 1030000 uV)
[  OK  ] Start[   18.541364] [drm] Initialized pvr 1.7.4563938 20110701 on minor 1
ed Journal Service.
[  OK  ] Started Load Kernel Modules.
[  OK  ] Started Remount Root and Kernel File Systems.
         Starting udev Coldplug all Devices...
         Mounting Configuration File System...
         Starting Apply Kernel Variables...
         Starting Flush Journal to Persistent Storage...
         Starting Create Static Device Nodes in /dev...
[  OK  ] Started Apply Kernel Variables.
[  OK  ] Mounted Configuration File System.
[  OK  ] Started Create Static Device Nodes in /dev.
[   19.318570] systemd-journald[1264]: Received request to flush runtime journal from PID 1
         Starting udev Kernel Device Manager...
[  OK  ] Reached target Local File Systems (Pre).
         Mounting /var/volatile...
[  OK  ] Started Flush Journal to Persistent Storage.
[  OK  ] Mounted /var/volatile.
[  OK  ] Reached target Local File Systems.
         Starting Load/Save Random Seed...
         Starting Create Volatile Files and Directories...
[  OK  ] Started Load/Save Random Seed.
[  OK  ] Started udev Kernel Device Manager.
[  OK  ] Started Create Volatile Files and Directories.
         Starting Update UTMP about System Boot/Shutdown...
[  OK  ] Started Update UTMP about System Boot/Shutdown.
[  OK  ] Started udev Coldplug all Devices.
[  OK  ] Reached target System Initialization.
[  OK  ] Listening on RPCbind Server Activation Socket.
[  OK  ] Started Daily Cleanup of Temporary Directories.
[  OK  ] Reached target Timers.
[  OK  ] Listening on D-Bus System Message Bus Socket.
[  OK  ] Listening on Avahi mDNS/DNS-SD Stack Activation Socket.
[  OK  ] Listening on dropbear.socket.
[  OK  ] Reached target Sockets.
[  OK  ] Reached target Basic System.
[  OK  ] Started D-Bus System Message Bus.
[  OK  ] Started Kernel Logging Service.
[  OK  ] Started System Logging Service.
         Starting Avahi mDNS/DNS-SD Stack...
         Starting Login Service...
         Starting Permit User Sessions...
         Starting PowerVR consumer services...
[  OK  ] Started Permit User Sessions.
[  OK  ] Started Avahi mDNS/DNS-SD Stack.
[  OK  ] Started Login Service.
[  OK  ] Started Getty on tty1.
[  OK  ] Started PowerVR consumer services.
[  OK  ] Found device /dev/ttySC0.
[  OK  ] Started Serial Getty on ttySC0.
[  OK  ] Reached target Login Prompts.
[  OK  ] Reached target Multi-User System.
         Starting Update UTMP about System Runlevel Changes...
[  OK  ] Started Weston Wayland compositor.
[  OK  ] Started Update UTMP about System Runlevel Changes.

Poky (Yocto Project Reference Distro) 2.1.2 draak ttySC0

draak login:
Poky (Yocto Project Reference Distro) 2.1.2 draak ttySC0

draak login:
Poky (Yocto Project Reference Distro) 2.1.2 draak ttySC0

draak login: root
Last login: Wed Jul 12 04:24:31 UTC 2017 on tty2
root@draak:~#
root@draak:~# systemctl restart weston
root@draak:~# systemctl restart weston
root@draak:~#
root@draak:~# systemctl restart weston
root@draak:~# NOTICE:  BL2: R-Car D3 Initial Program Loader(CA53) Rev.0.0.2
NOTICE:  BL2: PRR is R-Car D3 Ver1.0
NOTICE:  BL2: Boot device is HyperFlash(80MHz)
NOTICE:  BL2: LCM state is CM
NOTICE:  BL2: DDR1866
NOTICE:  BL2: QoS is default setting(rev.0.05)
NOTICE:  BL2: v1.3(release):7838729
NOTICE:  BL2: Built : 14:37:20, Jul 12 2017
NOTICE:  BL2: Normal boot
NOTICE:  BL2: dst=0xe6311190 src=0x8180000 len=512(0x200)
NOTICE:  BL2: dst=0x43f00000 src=0x8180400 len=6144(0x1800)
NOTICE:  BL2: dst=0x44000000 src=0x81c0000 len=65536(0x10000)
NOTICE:  BL2: dst=0x50000000 src=0x8640000 len=1048576(0x100000)


U-Boot 2015.04 (Jul 12 2017 - 14:38:15)

CPU: Renesas Electronics R8A77995 rev 1.0
Board: Draak
DRAM:  384 MiB
MMC:   sh-sdhi: 0
In:    serial
Out:   serial
Err:   serial
Net:   ravb
Hit any key to stop autoboot:  0
ravb Waiting for PHY auto negotiation to complete..... done
ravb: 1000Base/Full
Using ravb device
TFTP from server 192.168.5.241; our IP address is 192.168.5.102
Filename 'Gen3/D3/Image'.
Load address: 0x48080000
Loading: #################################################################
         #################################################################
         #################################################################
         #################################################################
         #################################################################
         #################################################################
         #################################################################
         #################################################################
         #################################################################
         #################################################################
         #################################################################
         #################################################################
         #################################################################
         #################################################################
         #################################################################
         #################################################################
         #################################################################
         #################################################################
         #################################################################
         #################################################################
         #################################################################
         #################################################################
         #################################################################
         #################################################################
         #################################################################
         #################################################################
         #################################################################
         #################################################################
         #################################################################
         #################################################################
         #################################################################
         #################################################################
         #################################################################
         #################################################################
         #################################################################
         #################################################################
         #################################################################
         #################################################################
         #################################################################
         #################################################################
         #################################################################
         #################################################################
         #################################################################
         #################################################################
         #################################################################
         #################################################################
         #################################################################
         #####################################################
         187.5 KiB/s
done
Bytes transferred = 15911424 (f2ca00 hex)
ravb:0 is connected to ravb.  Reconnecting to ravb
ravb Waiting for PHY auto negotiation to complete... done
ravb: 1000Base/Full
Using ravb device
TFTP from server 192.168.5.241; our IP address is 192.168.5.102
Filename 'Gen3/D3/Image-r8a77995-draak.dtb'.
Load address: 0x48000000
Loading: ####
         340.8 KiB/s
done
Bytes transferred = 16429 (402d hex)
## Flattened Device Tree blob at 48000000
   Booting using the fdt blob at 0x48000000
   Using Device Tree in place at 0000000048000000, end 000000004800702c

Starting kernel ...

[    0.000000] Booting Linux on physical CPU 0x0
[    0.000000] Linux version 4.9.0-yocto-standard (hoa@dhzpc054) (gcc version 5.2.1 20151005 (Linaro GCC 5.2-2015.11-2) ) #1 SMP PREE                                                      MPT Wed Jul 12 14:06:34 JST 2017
[    0.000000] Boot CPU: AArch64 Processor [410fd034]
[    0.000000] efi: Getting EFI parameters from FDT:
[    0.000000] efi: UEFI not found.
[    0.000000] cma: Reserved 64 MiB at 0x000000005c000000
[    0.000000] psci: probing for conduit method from DT.
[    0.000000] psci: PSCIv1.0 detected in firmware.
[    0.000000] psci: Using standard PSCI v0.2 function IDs
[    0.000000] psci: MIGRATE_INFO_TYPE not supported.
[    0.000000] Failed to find device node for boot cpu
[    0.000000] missing boot CPU MPIDR, not enabling secondaries
[    0.000000] percpu: Embedded 21 pages/cpu @ffff80001bfc6000 s48152 r8192 d29672 u86016
[    0.000000] Detected VIPT I-cache on CPU0
[    0.000000] CPU features: enabling workaround for ARM erratum 845719
[    0.000000] Built 1 zonelists in Zone order, mobility grouping on.  Total pages: 96768
[    0.000000] Kernel command line: rw root=/dev/nfs nfsroot=192.168.5.241:/tftpboot/Gen3/D3/nfs ip=192.168.5.102 video=HDMI-A-1:1280                                                      x1024-32@60 video=VGA-1:d cma=64M
[    0.000000] PID hash table entries: 2048 (order: 2, 16384 bytes)
[    0.000000] Dentry cache hash table entries: 65536 (order: 7, 524288 bytes)
[    0.000000] Inode-cache hash table entries: 32768 (order: 6, 262144 bytes)
[    0.000000] Memory: 294416K/393216K available (9276K kernel code, 882K rwdata, 4308K rodata, 1024K init, 287K bss, 33264K reserved                                                      , 65536K cma-reserved)
[    0.000000] Virtual kernel memory layout:
[    0.000000]     modules : 0xffff000000000000 - 0xffff000008000000   (   128 MB)
[    0.000000]     vmalloc : 0xffff000008000000 - 0xffff7dffbfff0000   (129022 GB)
[    0.000000]       .text : 0xffff000008080000 - 0xffff000008990000   (  9280 KB)
[    0.000000]     .rodata : 0xffff000008990000 - 0xffff000008dd0000   (  4352 KB)
[    0.000000]       .init : 0xffff000008dd0000 - 0xffff000008ed0000   (  1024 KB)
[    0.000000]       .data : 0xffff000008ed0000 - 0xffff000008faca00   (   883 KB)
[    0.000000]        .bss : 0xffff000008faca00 - 0xffff000008ff49bc   (   288 KB)
[    0.000000]     fixed   : 0xffff7dfffe7fd000 - 0xffff7dfffec00000   (  4108 KB)
[    0.000000]     PCI I/O : 0xffff7dfffee00000 - 0xffff7dffffe00000   (    16 MB)
[    0.000000]     vmemmap : 0xffff7e0000000000 - 0xffff800000000000   (  2048 GB maximum)
[    0.000000]               0xffff7e0000200000 - 0xffff7e0000800000   (     6 MB actual)
[    0.000000]     memory  : 0xffff800008000000 - 0xffff800020000000   (   384 MB)
[    0.000000] SLUB: HWalign=64, Order=0-3, MinObjects=0, CPUs=1, Nodes=1
[    0.000000] Preemptible hierarchical RCU implementation.
[    0.000000]  Build-time adjustment of leaf fanout to 64.
[    0.000000]  RCU restricting CPUs from NR_CPUS=64 to nr_cpu_ids=1.
[    0.000000] RCU: Adjusting geometry for rcu_fanout_leaf=64, nr_cpu_ids=1
[    0.000000] NR_IRQS:64 nr_irqs:64 0
[    0.000000] arm_arch_timer: Architected cp15 timer(s) running at 24.00MHz (virt).
[    0.000000] clocksource: arch_sys_counter: mask: 0xffffffffffffff max_cycles: 0x588fe9dc0, max_idle_ns: 440795202592 ns
[    0.000005] sched_clock: 56 bits at 24MHz, resolution 41ns, wraps every 4398046511097ns
[    0.000344] Console: colour dummy device 80x25
[    0.001000] console [tty0] enabled
[    0.001043] Calibrating delay loop (skipped), value calculated using timer frequency.. 48.00 BogoMIPS (lpj=96000)
[    0.001078] pid_max: default: 32768 minimum: 301
[    0.001178] Security Framework initialized
[    0.001243] Mount-cache hash table entries: 1024 (order: 1, 8192 bytes)
[    0.001264] Mountpoint-cache hash table entries: 1024 (order: 1, 8192 bytes)
[    0.002456] ASID allocator initialised with 65536 entries
[    0.032706] EFI services will not be available.
[    0.048159] Brought up 1 CPUs
[    0.048201] SMP: Total of 1 processors activated.
[    0.048229] CPU features: detected feature: 32-bit EL0 Support
[    0.048286] CPU: All CPU(s) started at EL1
[    0.048326] alternatives: patching kernel code
[    0.049441] devtmpfs: initialized
[    0.056540] DMI not present or invalid.
[    0.057077] clocksource: jiffies: mask: 0xffffffff max_cycles: 0xffffffff, max_idle_ns: 7645041785100000 ns
[    0.059264] pinctrl core: initialized pinctrl subsystem
[    0.059785] Detected Renesas R-Car Gen3 r8a77995 ES1.0
[    0.061399] NET: Registered protocol family 16
[    0.072594] cpuidle: using governor menu
[    0.073584] vdso: 2 pages (1 code @ ffff000008997000, 1 data @ ffff000008ed4000)
[    0.073655] hw-breakpoint: found 6 breakpoint and 4 watchpoint registers.
[    0.074471] DMA: preallocated 256 KiB pool for atomic allocations
[    0.075538] Serial: AMBA PL011 UART driver
[    0.082470] sh-pfc e6060000.pfc: r8a77995_pfc support registered
[    0.170830] HugeTLB registered 2 MB page size, pre-allocated 0 pages
[    0.187014] ACPI: Interpreter disabled.
[    0.190628] vgaarb: loaded
[    0.191428] SCSI subsystem initialized
[    0.194411] usbcore: registered new interface driver usbfs
[    0.194879] usbcore: registered new interface driver hub
[    0.195095] usbcore: registered new device driver usb
[    0.196584] media: Linux media interface: v0.10
[    0.196758] Linux video capture interface: v2.00
[    0.197783] pps_core: LinuxPPS API ver. 1 registered
[    0.197829] pps_core: Software ver. 5.3.6 - Copyright 2005-2007 Rodolfo Giometti <giometti@linux.it>
[    0.199133] PTP clock support registered
[    0.199770] dmi: Firmware registration failed.
[    0.201111] Advanced Linux Sound Architecture Driver Initialized.
[    0.204814] clocksource: Switched to clocksource arch_sys_counter
[    0.205128] VFS: Disk quotas dquot_6.6.0
[    0.205216] VFS: Dquot-cache hash table entries: 512 (order 0, 4096 bytes)
[    0.205837] pnp: PnP ACPI: disabled
[    0.236431] NET: Registered protocol family 2
[    0.238489] TCP established hash table entries: 4096 (order: 3, 32768 bytes)
[    0.238582] TCP bind hash table entries: 4096 (order: 4, 65536 bytes)
[    0.238684] TCP: Hash tables configured (established 4096 bind 4096)
[    0.238789] UDP hash table entries: 256 (order: 1, 8192 bytes)
[    0.238820] UDP-Lite hash table entries: 256 (order: 1, 8192 bytes)
[    0.239051] NET: Registered protocol family 1
[    0.244437] RPC: Registered named UNIX socket transport module.
[    0.244489] RPC: Registered udp transport module.
[    0.244505] RPC: Registered tcp transport module.
[    0.244520] RPC: Registered tcp NFSv4.1 backchannel transport module.
[    0.246202] kvm [1]: HYP mode not available
[    0.248622] futex hash table entries: 256 (order: 3, 32768 bytes)
[    0.249293] audit: initializing netlink subsys (disabled)
[    0.249424] audit: type=2000 audit(0.244:1): initialized
[    0.255357] workingset: timestamp_bits=46 max_order=17 bucket_order=0
[    0.279107] squashfs: version 4.0 (2009/01/31) Phillip Lougher
[    0.281844] NFS: Registering the id_resolver key type
[    0.281921] Key type id_resolver registered
[    0.281937] Key type id_legacy registered
[    0.281963] nfs4filelayout_init: NFSv4 File Layout Driver Registering...
[    0.282483] 9p: Installing v9fs 9p2000 file system support
[    0.287140] Block layer SCSI generic (bsg) driver version 0.4 loaded (major 246)
[    0.287200] io scheduler noop registered
[    0.287378] io scheduler cfq registered (default)
[    0.291584] libphy: mdio_driver_register: phy-bcm-ns2-pci
[    0.299216] gpio_rcar e6050000.gpio: driving 9 GPIOs
[    0.302301] gpio_rcar e6051000.gpio: driving 32 GPIOs
[    0.304215] gpio_rcar e6052000.gpio: driving 32 GPIOs
[    0.306521] gpio_rcar e6053000.gpio: driving 10 GPIOs
[    0.309569] gpio_rcar e6054000.gpio: driving 32 GPIOs
[    0.311392] gpio_rcar e6055000.gpio: driving 21 GPIOs
[    0.313452] gpio_rcar e6055400.gpio: driving 14 GPIOs
[    0.344519] xenfs: not registering filesystem on non-xen platform
[    0.363662] Serial: 8250/16550 driver, 4 ports, IRQ sharing disabled
[    0.370705] SuperH (H)SCI(F) driver initialized
[    0.371272] e6e88000.serial: ttySC0 at MMIO 0xe6e88000 (irq = 66, base_baud = 0) is a scif
[    1.100142] console [ttySC0] enabled
[    1.105579] msm_serial: driver initialized
[    1.111536] [drm] Initialized
[    1.115884] [drm] Supports vblank timestamp caching Rev 2 (21.10.2013).
[    1.122745] [drm] No driver support for vblank timestamp query.
[    1.132009] Failed to find cpu0 device node
[    1.137303] Unable to detect cache hierarchy from DT for CPU 0
[    1.187038] loop: module loaded
[    1.192604] hisi_sas: driver version v1.6
[    1.209636] libphy: Fixed MDIO Bus: probed
[    1.215673] tun: Universal TUN/TAP device driver, 1.6
[    1.221734] tun: (C) 1999-2004 Max Krasnyansky <maxk@qualcomm.com>
[    1.231448] e1000e: Intel(R) PRO/1000 Network Driver - 3.2.6-k
[    1.238357] e1000e: Copyright(c) 1999 - 2015 Intel Corporation.
[    1.244907] igb: Intel(R) Gigabit Ethernet Network Driver - version 5.4.0-k
[    1.252318] igb: Copyright (c) 2007-2014 Intel Corporation.
[    1.258299] igbvf: Intel(R) Gigabit Virtual Function Network Driver - version 2.4.0-k
[    1.266456] igbvf: Copyright (c) 2009 - 2012 Intel Corporation.
[    1.272778] sky2: driver version 1.30
[    1.305828] libphy: ravb_mii: probed
[    1.311590] ravb e6800000.ethernet eth0: Base address at 0xe6800000, 2e:09:0a:00:c5:1a, IRQ 63.
[    1.322816] VFIO - User Level meta-driver version: 0.3
[    1.335282] ehci_hcd: USB 2.0 'Enhanced' Host Controller (EHCI) Driver
[    1.343340] ehci-pci: EHCI PCI platform driver
[    1.348432] ehci-platform: EHCI generic platform driver
[    1.355111] ehci-platform ee080100.usb: EHCI Host Controller
[    1.361242] ehci-platform ee080100.usb: new USB bus registered, assigned bus number 1
[    1.369567] ehci-platform ee080100.usb: irq 68, io mem 0xee080100
[    1.388812] ehci-platform ee080100.usb: USB 2.0 started, EHCI 1.10
[    1.396383] hub 1-0:1.0: USB hub found
[    1.400670] hub 1-0:1.0: 1 port detected
[    1.405589] ehci-exynos: EHCI EXYNOS driver
[    1.410785] ehci-msm: Qualcomm On-Chip EHCI Host Controller
[    1.417369] ohci_hcd: USB 1.1 'Open' Host Controller (OHCI) Driver
[    1.423980] ohci-pci: OHCI PCI platform driver
[    1.428971] ohci-platform: OHCI generic platform driver
[    1.435066] ohci-platform ee080000.usb: Generic Platform OHCI controller
[    1.442036] ohci-platform ee080000.usb: new USB bus registered, assigned bus number 2
[    1.450268] ohci-platform ee080000.usb: irq 68, io mem 0xee080000
[    1.544081] hub 2-0:1.0: USB hub found
[    1.548372] hub 2-0:1.0: 1 port detected
[    1.553309] ohci-exynos: OHCI EXYNOS driver
[    1.559794] usbcore: registered new interface driver usb-storage
[    1.571304] mousedev: PS/2 mouse device common for all mice
[    1.583308] i2c /dev entries driver
[    1.597700] i2c-rcar e6500000.i2c: probed
[    1.603321] adv7180 0-0020: chip found @ 0x20 (e6500000.i2c)
[    1.645443] random: fast init done
[    1.656812] adv7612 0-004c: adv7612 found @ 0x98 (e6500000.i2c)
[    1.681479] rcar-vin e6ef4000.video: Device registered as video0
[    1.700317] sdhci: Secure Digital Host Controller Interface driver
[    1.707286] sdhci: Copyright(c) Pierre Ossman
[    1.837119] sh_mobile_sdhi ee140000.sd: mmc0 base at 0xee140000 max clock rate 200 MHz
[    1.845713] Synopsys Designware Multimedia Card Interface Driver
[    1.854059] sdhci-pltfm: SDHCI platform and OF driver helper
[    1.865285] ledtrig-cpu: registered to indicate activity on CPUs
[    1.877794] usbcore: registered new interface driver usbhid
[    1.884655] usbhid: USB HID core driver
[    1.895936] NET: Registered protocol family 17
[    1.901472] 9pnet: Installing 9P2000 support
[    1.906420] Key type dns_resolver registered
[    1.912782] registered taskstats version 1
[    1.926286] [drm] Supports vblank timestamp caching Rev 2 (21.10.2013).
[    1.933161] [drm] No driver support for vblank timestamp query.
[    1.939178] usb 2-1: new low-speed USB device number 2 using ohci-platform
[    2.047056] [drm] forcing VGA-1 connector OFF
[    2.118538] Console: switching to colour frame buffer device 160x64
[    2.144803] rcar-du feb00000.display: fb0:  frame buffer device
[    2.162590] [drm] Device feb00000.display probed
[    2.169016] hctosys: unable to open rtc device (rtc0)
[    2.196629] input: CHICONY HP Basic USB Keyboard as /devices/platform/soc/ee080000.usb/usb2/2-1/2-1:1.0/0003:03F0:0024.0001/input/                                                      input0
[    2.218002] mmc0: new HS200 MMC card at address 0001
[    2.228345] mmcblk0: mmc0:0001 R1J56L 14.7 GiB
[    2.237811] mmcblk0boot0: mmc0:0001 R1J56L partition 1 8.00 MiB
[    2.248555] mmcblk0boot1: mmc0:0001 R1J56L partition 2 8.00 MiB
[    2.258394] Micrel KSZ9031 Gigabit PHY e6800000.etherne:00: attached PHY driver [Micrel KSZ9031 Gigabit PHY] (mii_bus:phy_addr=e68                                                      00000.etherne:00, irq=210)
[    2.274184] hid-generic 0003:03F0:0024.0001: input: USB HID v1.10 Keyboard [CHICONY HP Basic USB Keyboard] on usb-ee080000.usb-1/i                                                      nput0
[    2.301079] mmcblk0rpmb: mmc0:0001 R1J56L partition 3 4.00 MiB
[    2.310904]  mmcblk0: p1 p2
[    5.451264] random: crng init done
[   12.256799] Waiting up to 110 more seconds for network.
[   15.241514] ravb e6800000.ethernet eth0: Link is Up - 1Gbps/Full - flow control rx/tx
[   15.268833] IP-Config: Guessing netmask 255.255.255.0
[   15.274042] IP-Config: Complete:
[   15.277364]      device=eth0, hwaddr=2e:09:0a:00:c5:1a, ipaddr=192.168.5.102, mask=255.255.255.0, gw=255.255.255.255
[   15.288158]      host=192.168.5.102, domain=, nis-domain=(none)
[   15.294233]      bootserver=255.255.255.255, rootserver=192.168.5.241, rootpath=
[   15.302326] ALSA device list:
[   15.305526]   No soundcards found.
[   15.335164] VFS: Mounted root (nfs filesystem) on device 0:15.
[   15.343662] devtmpfs: mounted
[   15.347560] Freeing unused kernel memory: 1024K (ffff800008dd0000 - ffff800008ed0000)
[   16.153452] systemd[1]: System time before build time, advancing clock.
[   16.414063] NET: Registered protocol family 10
[   16.512078] systemd[1]: systemd 229 running in system mode. (+PAM -AUDIT -SELINUX +IMA -APPARMOR +SMACK +SYSVINIT +UTMP -LIBCRYPTS                                                      ETUP -GCRYPT +GNUTLS +ACL +XZ -LZ4 -SECCOMP +BLKID -ELFUTILS +KMOD -IDN)
[   16.531704] systemd[1]: Detected architecture arm64.

Welcome to Poky (Yocto Project Reference Distro) 2.1.2 (krogoth)!

[   16.581301] systemd[1]: Set hostname to <draak>.
[   17.954644] systemd[1]: Created slice User and Session Slice.
[  OK  ] Created slice User and Session Slice.
[   17.978087] systemd[1]: Created slice System Slice.
[  OK  ] Created slice System Slice.
[   17.997629] systemd[1]: Listening on udev Control Socket.
[  OK  ] Listening on udev Control Socket.
[   18.017620] systemd[1]: Started Dispatch Password Requests to Console Directory Watch.
[  OK  ] Started Dispatch Password Requests to Console Directory Watch.
[   18.041535] systemd[1]: Listening on /dev/initctl Compatibility Named Pipe.
[  OK  ] Listening on /dev/initctl Compatibility Named Pipe.
[   18.065424] systemd[1]: Listening on udev Kernel Socket.
[  OK  ] Listening on udev Kernel Socket.
[   18.085806] systemd[1]: Listening on Journal Audit Socket.
[  OK  ] Listening on Journal Audit Socket.
[  OK  ] Listening on Journal Socket.
         Starting Load Kernel Modules...
         Mounting POSIX Message Queue File System...
[  OK  ] Created slice system-getty.slice.
[  OK  ] Reached target Remote File Systems.
         Mounting Temporary Directory...
[  OK  ] Reached target Slices.
[  OK  ] Reached target Swap.
         Starting Create list of required st... nodes for the current kernel...
         Mounting Huge Pages File System...
[  OK  ] Listening on Journal Socket (/dev/log).
[  OK  ] Started Forward Password Requests to Wall Directory Watch.
[  OK  ] Reached target Paths.
[  OK  ] Listening on Syslog Socket.
         Mounting Debug File System...
[   18.555142] pvrsrvkm: loading out-of-tree module taints kernel.
         Starting Remount Root and Kernel File Systems...
[   18.625439] PVR_K: 1252: RGXGetBVNCConfig: Read BVNC 22.67.54.30 from device registers
         Starting[   18.651288] pvrsrvkm fd000000.gsx: opp[1/1]: (600000000 Hz, 1030000 uV)
 Setup Virtual Console...
[   18.702568] [drm] Initialized pvr 1.7.4563938 20110701 on minor 1
[  OK  ] Created slice system-serial\x2dgetty.slice.
         Starting Journal Service...
[  OK  ] Mounted Debug File System.
[  OK  ] Mounted Huge Pages File System.
[  OK  ] Mounted POSIX Message Queue File System.
[  OK  ] Mounted Temporary Directory.
[  OK  ] Started Load Kernel Modules.
[  OK  ] Started Create list of required sta...ce nodes for the current kernel.
[  OK  ] Started Setup Virtual Console.
[  OK  ] Started Remount Root and Kernel File Systems.
[  OK  ] Started Journal Service.
         Starting Flush Journal to Persistent Storage...
         Starting udev Coldplug all Devices...
         Starting Create Static Device Nodes in /dev...
         Mounting Configuration File System...
         Starting Apply Kernel Variables...
[   19.418130] systemd-journald[1280]: Received request to flush runtime journal from PID 1
[  OK  ] Started Flush Journal to Persistent Storage.
[  OK  ] Started Apply Kernel Variables.
[  OK  ] Mounted Configuration File System.
[  OK  ] Started Create Static Device Nodes in /dev.
[  OK  ] Reached target Local File Systems (Pre).
         Mounting /var/volatile...
         Starting udev Kernel Device Manager...
[  OK  ] Mounted /var/volatile.
         Starting Load/Save Random Seed...
[  OK  ] Reached target Local File Systems.
         Starting Create Volatile Files and Directories...
[  OK  ] Started Load/Save Random Seed.
[  OK  ] Started udev Kernel Device Manager.
[  OK  ] Started Create Volatile Files and Directories.
         Starting Update UTMP about System Boot/Shutdown...
[  OK  ] Started Update UTMP about System Boot/Shutdown.
[  OK  ] Started udev Coldplug all Devices.
[  OK  ] Reached target System Initialization.
[  OK  ] Listening on dropbear.socket.
[  OK  ] Listening on RPCbind Server Activation Socket.
[  OK  ] Listening on Avahi mDNS/DNS-SD Stack Activation Socket.
[  OK  ] Started Daily Cleanup of Temporary Directories.
[  OK  ] Reached target Timers.
[  OK  ] Listening on D-Bus System Message Bus Socket.
[  OK  ] Reached target Sockets.
[  OK  ] Reached target Basic System.
[  OK  ] Started Kernel Logging Service.
         Starting Permit User Sessions...
         Starting PowerVR consumer services...
         Starting Avahi mDNS/DNS-SD Stack...
[  OK  ] Started D-Bus System Message Bus.
[  OK  ] Started Avahi mDNS/DNS-SD Stack.
         Starting Login Service...
[  OK  ] Started System Logging Service.
[  OK  ] Started Permit User Sessions.
[  OK  ] Started PowerVR consumer services.
[  OK  ] Found device /dev/ttySC0.
[  OK  ] Started Getty on tty1.
[  OK  ] Started Serial Getty on ttySC0.
[  OK  ] Reached target Login Prompts.
[  OK  ] Started Login Service.
[  OK  ] Reached target Multi-User System.
         Starting Update UTMP about System Runlevel Changes...
[  OK  ] Started Weston Wayland compositor.
[  OK  ] Started Update UTMP about System Runlevel Changes.

Poky (Yocto Project Reference Distro) 2.1.2 draak ttySC0

draak login:
Poky (Yocto Project Reference Distro) 2.1.2 draak ttySC0

draak login:
Poky (Yocto Project Reference Distro) 2.1.2 draak ttySC0

draak login: root
Last login: Wed Jul 12 04:24:31 UTC 2017 on tty2
root@draak:~# ls
UnixBench  lmbench-3.0-a9
root@draak:~# cd UnixBench/
root@draak:~/UnixBench# cd /sys/fs/cgroup/pids/system.slice/system-serial\\x2dgetty.slice/serial-getty\@ttySC0.service
root@draak:/sys/fs/cgroup/pids/system.slice/system-serial\x2dgetty.slice/serial-getty@ttySC0.service# cat ./pids.max
512
root@draak:/sys/fs/cgroup/pids/system.slice/system-serial\x2dgetty.slice/serial-getty@ttySC0.service# echo max > ./pids.max
root@draak:/sys/fs/cgroup/pids/system.slice/system-serial\x2dgetty.slice/serial-getty@ttySC0.service# cat ./pids.max
max
root@draak:/sys/fs/cgroup/pids/system.slice/system-serial\x2dgetty.slice/serial-getty@ttySC0.service# cd
root@draak:~# cd UnixBench/
root@draak:~/UnixBench# ls
Makefile  README  Run  USAGE  WRITING_TESTS  pgms  results  src  testdir  tmp
root@draak:~/UnixBench# ./Run
Can't locate POSIX.pm in @INC (you may need to install the POSIX module) (@INC contains: /etc/perl /usr/lib/perl/site_perl/5.22.1/ /u                                                      sr/lib/perl/site_perl/5.22.1 /usr/lib/perl/vendor_perl/5.22.1/ /usr/lib/perl/vendor_perl/5.22.1 /usr/lib/perl/5.22.1/ /usr/lib/perl/5                                                      .22.1 /usr/local/lib/site_perl /usr/lib/perl/5.22.1 .) at ./Run line 5.
BEGIN failed--compilation aborted at ./Run line 5.
root@draak:~/UnixBench# cd ..
root@draak:~# cd lmbench-3.0-a9/
root@draak:~/lmbench-3.0-a9# ls
ACKNOWLEDGEMENTS  CHANGES  COPYING  COPYING-2  ChangeSet  Makefile  README  bin  doc  hbench-REBUTTAL  results  scripts  src
root@draak:~/lmbench-3.0-a9# cd src/
root@draak:~/lmbench-3.0-a9/src# ls
Makefile      bw_udp.c     lat_cmd.c        lat_mmap.c       lat_sem.c           lib_debug.h   lib_udp.h   mhz.c      timing.h
TODO          bw_unix.c    lat_connect.c    lat_ops.c        lat_sig.c           lib_mem.c     lib_unix.c  msleep.c   timing_o.c
bench.h       cache.c      lat_ctx.c        lat_pagefault.c  lat_syscall.c       lib_mem.h     lib_unix.h  names.h    tlb.c
busy.c        clock.c      lat_dram_page.c  lat_pipe.c       lat_tcp.c           lib_sched.c   line.c      par_mem.c  version.h
bw_file_rd.c  disk.c       lat_fcntl.c      lat_pmake.c      lat_udp.c           lib_stats.c   lmdd.1      par_ops.c  webpage-lm.tar
bw_mem.c      enough.c     lat_fifo.c       lat_proc.c       lat_unix.c          lib_tcp.c     lmdd.c      rhttp.c
bw_mmap_rd.c  flushdisk.c  lat_fs.c         lat_rand.c       lat_unix_connect.c  lib_tcp.h     lmhttp.c    seek.c
bw_pipe.c     getopt.c     lat_http.c       lat_rpc.c        lat_usleep.c        lib_timing.c  loop_o.c    stats.h
bw_tcp.c      hello.c      lat_mem_rd.c     lat_select.c     lib_debug.c         lib_udp.c     memsize.c   stream.c
root@draak:~/lmbench-3.0-a9/src# ../scripts/config-run
=====================================================================

                L M B E N C H   C ON F I G U R A T I O N
                ----------------------------------------

You need to configure some parameters to lmbench.  Once you have configured
these parameters, you may do multiple runs by saying

        "make rerun"

in the src subdirectory.

NOTICE: please do not have any other activity on the system if you can
help it.  Things like the second hand on your xclock or X perfmeters
are not so good when benchmarking.  In fact, X is not so good when
benchmarking.

=====================================================================

If you are running on an MP machine and you want to try running
multiple copies of lmbench in parallel, you can specify how many here.

Using this option will make the benchmark run 100x slower (sorry).

NOTE:  WARNING! This feature is experimental and many results are
        known to be incorrect or random!

MULTIPLE COPIES [default 1]:
=====================================================================

Options to control job placement
1) Allow scheduler to place jobs
2) Assign each benchmark process with any attendent child processes
   to its own processor
3) Assign each benchmark process with any attendent child processes
   to its own processor, except that it will be as far as possible
   from other processes
4) Assign each benchmark and attendent processes to their own
   processors
5) Assign each benchmark and attendent processes to their own
   processors, except that they will be as far as possible from
   each other and other processes
6) Custom placement: you assign each benchmark process with attendent
   child processes to processors
7) Custom placement: you assign each benchmark and attendent
   processes to processors

Note: some benchmarks, such as bw_pipe, create attendent child
processes for each benchmark process.  For example, bw_pipe
needs a second process to send data down the pipe to be read
by the benchmark process.  If you have three copies of the
benchmark process running, then you actually have six processes;
three attendent child processes sending data down the pipes and
three benchmark processes reading data and doing the measurements.

Job placement selection [default 1]:
=====================================================================

Hang on, we are calculating your timing granularity.
OK, it looks like you can time stuff down to 5000 usec resolution.

Hang on, we are calculating your timing overhead.
OK, it looks like your gettimeofday() costs 0 usecs.

Hang on, we are calculating your loop overhead.
OK, it looks like your benchmark loop costs 0.00000002 usecs.

=====================================================================

Several benchmarks operate on a range of memory.  This memory should be
sized such that it is at least 4 times as big as the external cache[s]
on your system.   It should be no more than 80% of your physical memory.

The bigger the range, the more accurate the results, but larger sizes
take somewhat longer to run the benchmark.

MB [default 246]: 64
Checking to see if you have 64 MB; please wait for a moment...
64MB OK
64MB OK
64MB OK
Hang on, we are calculating your cache line size.
OK, it looks like your cache line is 64 bytes.

=====================================================================

lmbench measures a wide variety of system performance, and the full suite
of benchmarks can take a long time on some platforms.  Consequently, we
offer the capability to run only predefined subsets of benchmarks, one
for operating system specific benchmarks and one for hardware specific
benchmarks.  We also offer the option of running only selected benchmarks
which is useful during operating system development.

Please remember that if you intend to publish the results you either need
to do a full run or one of the predefined OS or hardware subsets.

SUBSET (ALL|HARWARE|OS|DEVELOPMENT) [default all]:
=====================================================================

This benchmark measures, by default, memory latency for a number of
different strides.  That can take a long time and is most useful if you
are trying to figure out your cache line size or if your cache line size
is greater than 128 bytes.

If you are planning on sending in these results, please don't do a fast
run.

Answering yes means that we measure memory latency with a 128 byte stride.

FASTMEM [default no]:
=====================================================================

This benchmark measures, by default, file system latency.  That can
take a long time on systems with old style file systems (i.e., UFS,
FFS, etc.).  Linux' ext2fs and Sun's tmpfs are fast enough that this
test is not painful.

If you are planning on sending in these results, please don't do a fast
run.

If you want to skip the file system latency tests, answer "yes" below.

SLOWFS [default no]: yes
=====================================================================

This benchmark can measure disk zone bandwidths and seek times.  These can
be turned into whizzy graphs that pretty much tell you everything you might
need to know about the performance of your disk.

This takes a while and requires read access to a disk drive.
Write is not measured, see disk.c to see how if you want to do so.

If you want to skip the disk tests, hit return below.

If you want to include disk tests, then specify the path to the disk
device, such as /dev/sda.  For each disk that is readable, you'll be
prompted for a one line description of the drive, i.e.,

        Iomega IDE ZIP
or
        HP C3725S 2GB on 10MB/sec NCR SCSI bus

DISKS [default none]:
=====================================================================

If you are running on an idle network and there are other, identically
configured systems, on the same wire (no gateway between you and them),
and you have rsh access to them, then you should run the network part
of the benchmarks to them.  Please specify any such systems as a space
separated list such as: ether-host fddi-host hippi-host.

REMOTE [default none]:
=====================================================================

Calculating mhz, please wait for a moment...
I think your CPU mhz is

        999 MHz, 1.0010 nanosec clock

but I am frequently wrong.  If that is the wrong Mhz, type in your
best guess as to your processor speed.  It doesn't have to be exact,
but if you know it is around 800, say 800.

Please note that some processors, such as the P4, have a core which
is double-clocked, so on those processors the reported clock speed
will be roughly double the advertised clock rate.  For example, a
1.8GHz P4 may be reported as a 3592MHz processor.

Processor mhz [default 999 MHz, 1.0010 nanosec clock]:
=====================================================================

We need a place to store a 64 Mbyte file as well as create and delete a
large number of small files.  We default to /usr/tmp.  If /usr/tmp is a
memory resident file system (i.e., tmpfs), pick a different place.
Please specify a directory that has enough space and is a local file
system.

FSDIR [default /var/tmp]: /tmp
=====================================================================

lmbench outputs status information as it runs various benchmarks.
By default this output is sent to /dev/tty, but you may redirect
it to any file you wish (such as /dev/null...).

Status output file [default /dev/tty]:
=====================================================================

There is a database of benchmark results that is shipped with new
releases of lmbench.  Your results can be included in the database
if you wish.  The more results the better, especially if they include
remote networking.  If your results are interesting, i.e., for a new
fast box, they may be made available on the lmbench web page, which is

        http://www.bitmover.com/lmbench

Mail results [default yes]: no
OK, no results mailed.
=====================================================================

Confguration done, thanks.

There is a mailing list for discussing lmbench hosted at BitMover.
Send mail to majordomo@bitmover.com to join the list.

root@draak:~/lmbench-3.0-a9/src# cd ../results/
root@draak:~/lmbench-3.0-a9/results# make summary
make: Warning: File 'Makefile' has modification time 4425252 s in the future
Can't locate File/Glob.pm in @INC (you may need to install the File::Glob module) (@INC contains: /etc/perl /usr/lib/perl/site_perl/5                                                      .22.1/ /usr/lib/perl/site_perl/5.22.1 /usr/lib/perl/vendor_perl/5.22.1/ /usr/lib/perl/vendor_perl/5.22.1 /usr/lib/perl/5.22.1/ /usr/l                                                      ib/perl/5.22.1 /usr/local/lib/site_perl /usr/lib/perl/5.22.1 .) at ../scripts/getlist line 20.
BEGIN failed--compilation aborted at ../scripts/getlist line 20.

                 L M B E N C H  3 . 0   S U M M A R Y
                 ------------------------------------
                 (Alpha software, do not distribute)

make: warning:  Clock skew detected.  Your build may be incomplete.
root@draak:~/lmbench-3.0-a9/results# NOTICE:  BL2: R-Car D3 Initial Program Loader(CA53) Rev.0.0.2
NOTICE:  BL2: PRR is R-Car D3 Ver1.0
NOTICE:  BL2: Boot device is HyperFlash(80MHz)
NOTICE:  BL2: LCM state is CM
NOTICE:  BL2: DDR1866
NOTICE:  BL2: QoS is default setting(rev.0.05)
NOTICE:  BL2: v1.3(release):7838729
NOTICE:  BL2: Built : 14:37:20, Jul 12 2017
NOTICE:  BL2: Normal boot
NOTICE:  BL2: dst=0xe6311190 src=0x8180000 len=512(0x200)
NOTICE:  BL2: dst=0x43f00000 src=0x8180400 len=6144(0x1800)
NOTICE:  BL2: dst=0x44000000 src=0x81c0000 len=65536(0x10000)
NOTICE:  BL2: dst=0x50000000 src=0x8640000 len=1048576(0x100000)


U-Boot 2015.04 (Jul 12 2017 - 14:38:15)

CPU: Renesas Electronics R8A77995 rev 1.0
Board: Draak
DRAM:  384 MiB
MMC:   sh-sdhi: 0
In:    serial
Out:   serial
Err:   serial
Net:   ravb
Hit any key to stop autoboot:  0
=> pr
baudrate=115200
bootarg=edit bootargs
bootargs=rw root=/dev/nfs nfsroot=192.168.5.241:/tftpboot/Gen3/D3/nfs ip=192.168.5.102 video=HDMI-A-1:1280x1024-32@60 video=VGA-1:d c                                                      ma=64M
bootcmd=tftp 0x48080000 Gen3/D3/Image;tftp 0x48000000 Gen3/D3/Image-r8a77995-draak.dtb;booti 0x48080000 - 0x48000000
bootdelay=3
ethact=ravb
ethaddr=2e:09:0a:00:c5:1a
fdt_high=0xffffffffffffffff
fileaddr=48080000
filesize=402d
initrd_high=0xffffffffffffffff
ipaddr=192.168.5.102
serverip=192.168.5.241
stderr=serial
stdin=serial
stdout=serial
ver=U-Boot 2015.04 (Jul 12 2017 - 14:38:15)

Environment size: 600/131068 bytes
=> pr
baudrate=115200
bootarg=edit bootargs
bootargs=rw root=/dev/nfs nfsroot=192.168.5.241:/tftpboot/Gen3/D3/nfs ip=192.168.5.102 video=HDMI-A-1:1280x1024-32@60 video=VGA-1:d cma=64M
bootcmd=tftp 0x48080000 Gen3/D3/Image;tftp 0x48000000 Gen3/D3/Image-r8a77995-draak.dtb;booti 0x48080000 - 0x48000000
bootdelay=3
ethact=ravb
ethaddr=2e:09:0a:00:c5:1a
fdt_high=0xffffffffffffffff
